border_size=1
usage=map

Ha          , Ha          , Ha          , Ha          , Ha          , Ha          , Aa          , Aa          , Aa          , Aa          , Rb          , Rb          , Re          , Re          , Re          , Rb          , Rb          , Aa          , Aa          , Aa          , Aa          , Aa          , Aa          , Aa          , Aa          , Aa^Fpa      , Aa^Fpa      , Aa^Fpa      , Aa^Fpa      , Aa^Fpa      , Aa^Fpa      , Aa^Fpa      , Aa^Fpa      , Aa^Fpa      , Ha^Fpa      , Ha^Fpa      , Ha^Fpa      , Ha^Fpa      , Ha          , Ha          , Ha          , Ha          , Ha          , Ms          , Ms          , Ms          , Ms          , Ms          , Ms          , Ms          , Ms          , Ms          
Ha          , Ha          , Ha          , Ha          , Aa          , Aa          , Cea         , Aa          , Aa          , Aa          , Aa          , Rb          , Rb          , Re          , Re          , Rb          , Rb          , Aa          , Aa          , Aa          , Aa          , Aa          , Aa          , Aa          , Aa          , Aa^Fpa      , Aa^Fpa      , Aa^Fpa      , Aa^Fpa      , Aa^Fpa      , Aa^Fpa      , Aa^Fpa      , Aa^Fpa      , Aa^Fpa      , Ha^Fpa      , Ha^Fpa      , Ha^Fpa      , Ha^Fpa      , Ha^Fpa      , Ha          , Ha          , Ha          , Ha          , Ms          , Ms          , Ms          , Ms          , Ms          , Ms          , Ms          , Ms          , Ms          
Ha          , Ha          , Aa          , Aa          , Aa          , Cea         , 1 Kea       , Cea         , Aa          , Aa          , Aa          , Rb          , Rb          , Re          , Re          , Re          , Rb          , Rb          , Aa          , Aa          , Aa          , Aa          , Aa          , Aa          , Aa          , Aa          , Aa          , Aa          , Aa          , Aa^Fpa      , Aa          , Aa^Fpa      , Aa^Fpa      , Aa^Fpa      , Ha^Fpa      , Ha^Fpa      , Ha^Fpa      , Ha^Fpa      , Aa          , Aa          , Aa          , Ha          , Ha          , Ha          , Ha          , Mm^Xm       , Ha          , Rr          , Ms          , Ms          , Ms          , Ms          
Ha          , Ha          , Aa          , Aa          , Aa          , Cea         , Cea         , Cea         , Aa          , Re^Vct      , Aa          , Aa          , Rb          , Re          , Re^Es       , Re          , Re          , Rb          , Rb          , Aa          , Aa          , Aa          , Aa          , Aa          , Aa          , Aa          , Aa          , Aa          , Aa          , Aa          , Aa          , Aa          , Aa^Fpa      , Aa^Fpa      , Aa^Fpa      , Aa^Fpa      , Aa^Fpa      , Aa^Fpa      , Aa          , Aa          , Aa          , Aa          , Ha          , Ha          , Ha          , Ha          , Ha          , Ha          , Mm^Xm       , Ms          , Ms          , Ms          
Ha          , Aa          , Aa          , Re^Vct      , Aa          , Aa          , Aa          , Aa          , Aa          , Aa          , Aa          , Aa          , Rb          , Re          , Re          , Re          , Ch          , Re          , Re          , Rb          , Aa          , Aa          , Aa          , Aa          , Aa          , Aa          , Aa          , Aa          , Aa          , Aa          , Aa          , Aa          , Aa          , Aa^Fpa      , Aa          , Aa^Fpa      , Aa^Fpa      , Aa^Fpa      , Aa          , Aa          , Aa          , Aa          , Aa          , Ha          , Aa          , Ha          , Ha          , Ha          , Ms          , Ms          , Ms          , Ms          
Ha          , Aa          , Aa          , Aa          , Aa^Fpa      , Aa^Fpa      , Aa          , Aa          , Aa          , Aa          , Cha         , Rb          , Re          , Re          , Re          , Ch          , Ch          , Ch          , Re          , Rb          , Rb          , Aa          , Aa          , Aa          , Cha         , Cha         , Cha         , Aa          , Aa          , Aa          , Aa          , Aa          , Aa          , Aa          , Aa          , Aa          , Aa          , Aa          , Aa          , Aa          , Aa          , Aa          , Aa          , Aa          , Aa          , Ha          , Ha^Fpa      , Ha          , Ms          , Ms          , Ms          , Ms          
Ha          , Aa          , Aa          , Aa          , Aa          , Aa          , Aa          , Aa          , Cha         , Cha         , Rb          , Re          , Rr          , Rr          , Rr          , Rr          , Rr          , Rr          , Rr          , Rr          , Rr          , Ch          , Ch          , Cha         , Rp          , Rp          , Ch          , Aa          , Aa          , Aa          , Aa          , Aa          , Aa          , Aa          , Aa          , Aa          , Aa          , Aa          , Aa          , Aa          , Aa          , Aa          , Aa          , Aa          , Aa^Fpa      , Ha^Fpa      , Ha^Fpa      , Ha          , Ms          , Ms          , Ms          , Ms          
Ha          , Aa          , Aa          , Aa          , Aa          , Aa          , Cha         , Cha         , Rb          , Rb          , Rb^Es       , Re          , Rr          , Rr          , Rr          , Rp          , Rr          , Rr          , Rr          , Rr          , Rr          , Rp          , Rp          , Rp          , Rp          , Rp          , Ch          , Aa          , Aa          , Aa          , Cha         , Aa          , Cha         , Aa          , Aa          , Aa          , Aa          , Aa          , Aa          , Aa          , Aa          , Aa          , Aa^Fpa      , Aa^Fpa      , Aa^Fpa      , Aa^Fpa      , Ha^Fpa      , Ha^Fpa      , Ha          , Ms          , Ms          , Ms          
Ha          , Aa          , Aa          , Aa          , Cha         , Cha         , Rb          , Rb          , Re          , Rb          , Re          , Re          , Re          , Re          , Ch          , Rr          , Rr          , Rr          , Ch          , Rr          , Re          , Rp          , Re          , Re          , Rp          , Rp          , Rp          , Ch          , Ch          , Ch          , Rp          , Ch          , Ch          , Cha         , Ch          , Aa          , Aa          , Aa          , Aa          , Aa          , Aa          , Aa          , Aa^Fpa      , Aa^Fpa      , Aa^Fpa      , Aa^Fpa      , Ha^Fpa      , Ha          , Ha          , Ms          , Ms          , Ms          
Ha          , Aa          , Cha         , Cha         , Rb          , Rb          , Re          , Rb          , Re          , Re          , Gg^Vh       , Re          , Gs^Fp       , Re          , Rr          , Rr          , Rr          , Rr          , Rr          , Re          , Gs^Fp       , Re          , Rp          , Rp          , Rp          , Rp          , Ch          , Ch          , Re          , Ch          , Ch          , Rp          , Rp          , Rp          , Rp          , Ch          , Ch          , Aa          , Aa          , Aa          , Aa          , Aa          , Aa          , Aa^Fpa      , Aa^Fpa      , Aa^Fpa      , Aa^Fpa      , Ha^Fpa      , Ha^Fpa      , Ha          , Ha          , Ha          
Ha          , Aa          , Cha         , Rb          , Rb          , Re          , Re          , Re          , Rp          , Rp          , Gg          , Gg          , Rr          , Rr          , Rr          , Rr          , Rp          , Rr          , Rr          , Rr          , Rp^Vhc      , Gs^Fp       , Rp          , Rp          , Rp          , Rp          , Ch          , Re          , Gs^Fp       , Re          , Re          , Ch          , Gg          , Rp          , Rp          , Rp          , Rp          , Ch          , Ch          , Aa          , Aa          , Aa          , Aa          , Aa          , Aa          , Aa^Fpa      , Aa^Fpa      , Aa^Fpa      , Ha^Fpa      , Ha^Fpa      , Ha          , Ha          
Ha          , Aa          , Cha         , Rb          , Re          , Ch          , Rp          , Rp          , Rp          , Rp          , Rp          , Rp          , Rr          , Rr          , Rr          , Rr^Es       , Rr          , Rr          , Rr          , Rr          , Rr          , Rr          , Rp          , Rp          , Ch          , Ch          , Re          , Re          , Gg^Vh       , Ch          , Re          , Re          , Gg          , Gg          , Gs^Fp       , Gg          , Gg          , Rp          , Rp          , Ch          , Ch          , Aa          , Aa          , Aa          , Aa          , Aa^Fpa      , Aa^Fpa      , Aa^Fpa      , Ha^Fpa      , Ha^Fpa      , Ha          , Ha          
Ha          , Aa          , Cha         , Rb          , Rb          , Rp          , Rp          , Rp          , Rp          , Rp          , Gs^Fp       , Rr          , Re^Gvs      , Re          , Re^Gvs      , Rr          , Ch          , Rr          , Rr          , Rp          , Rr          , Rr          , Rr          , Rp          , Ch          , Re^Gvs      , Re^Gvs      , Re^Gvs      , Re          , Re          , Rp          , Ch          , Re^Gvs      , Gs^Fp       , Ww          , Gs^Fp       , Gg          , Ch          , Gg          , Rp          , Rp          , Cha         , Aa          , Aa          , Aa          , Aa^Fpa      , Aa^Fpa      , Aa^Fpa      , Ha^Fpa      , Ha          , Ha          , Ha          
Ha          , Aa          , Cha         , Rb          , Ch          , Re          , Re          , Re          , Ch          , Ch          , Gd          , Gg          , Gg          , Re^Gvs      , Re^Gvs      , Ch          , 3 Kh        , Ch          , Rr          , Rr          , Re^Gvs      , Re^Gvs      , Gd          , Ch          , Ch          , Re^Gvs      , Re^Gvs      , Re^Gvs      , Gs^Fp       , Re          , Rp          , Ch          , Re^Gvs      , Gg^Vh       , Ww          , Ww          , Ww          , Gg          , Gg          , Gg          , Rp          , Cha         , Cha         , Aa          , Aa          , Aa^Fpa      , Aa^Fpa      , Aa^Fpa      , Aa^Fpa      , Ha          , Ha          , Ha          
Ha          , Aa          , Cha         , Ch          , Re          , Ch          , Ch          , Re          , Ch          , Gg^Fet      , Gd          , Gg^Vh       , Re^Gvs      , Re^Gvs      , Re^Gvs      , Ch          , Ch          , Ch          , Re^Gvs      , Re^Gvs      , Gs^Fp       , Gs^Fp       , Gd          , Gg^Fet      , Ch          , Re^Gvs      , Re^Gvs      , Re^Gvs      , Ch          , Ch          , Ch          , Ch          , Ch          , Re^Gvs      , Ch          , Ww          , Ww          , Ww          , Re^Gvs      , Gg          , Gg          , Rp          , Rp          , Cha         , Aa          , Aa^Fpa      , Aa^Fpa      , Aa^Fpa      , Aa^Fpa      , Ha^Fpa      , Ha          , Ha          
Ha          , Aa          , Cha         , Rb          , Rb          , Re          , Re          , Ch          , Re          , Ch          , Gg          , Gg          , Re^Gvs      , Re^Gvs      , Re^Gvs      , Re^Gvs      , Re^Gvs      , Re^Gvs      , Re          , Re          , Re          , Rr^Vhc      , Gg          , Ch          , Re^Gvs      , Re^Gvs      , Ch          , Ch          , Rrc         , Rrc         , Rrc         , Rrc         , Ch          , Ch          , Rr          , Ch          , Ch          , Gg^Vh       , Re^Gvs      , Re^Gvs      , Gg          , Gg          , Gg          , Ch          , Cha         , Aa^Fpa      , Aa^Fpa      , Aa^Fpa      , Aa^Fpa      , Ha^Fpa      , Ha          , Ha          
Ha          , Aa          , Cha         , Rb          , Re          , Re          , Re          , Re          , Rp          , Gg          , Gg^Wm       , Re^Gvs      , Re^Gvs      , Re^Gvs      , Re          , Re^Gvs      , Gg          , Gg^Vh       , Re          , Uu          , Re          , Gg          , Gg          , Re^Gvs      , Re^Gvs      , Re^Gvs      , Ch          , Rrc         , Ch          , Ch          , Ch          , Rrc         , Ch          , Rr          , Rr          , Rr          , Rr          , Ch          , Ch          , Re^Gvs      , Gg          , Gg          , Ch          , Gg          , Rp          , Cha         , Aa^Fpa      , Aa^Fpa      , Aa^Fpa      , Ha^Fpa      , Ha          , Ha          
Ha          , Aa          , Cha         , Rb          , Re          , Re          , Rp          , Rp          , Rp          , Gg          , Gg          , Re          , Re          , Re^Es       , Rp          , Re          , Gg          , Re          , Uu          , Uu          , Uu          , Re          , Gg          , Gg^Vh       , Gg          , Re^Gvs      , Ch          , Rrc         , Ch          , 2 Kh        , Ch          , Rrc         , Ch          , Rr          , Rr^Vhc      , Rr          , Rr          , Rp          , Rp          , Re          , Ch          , Gg          , Gg          , Gg          , Gg          , Ch          , Aa^Fpa      , Aa^Fpa      , Aa^Fpa      , Aa^Fpa      , Ha          , Ha          
Ha          , Aa          , Cha         , Rb          , Rb          , Re          , Ch          , Rp          , Gg          , Gg          , Gg          , Gg^Es       , Rp          , Rp          , Rr          , Rp          , Rp          , Re          , Uu          , Ql          , Uu          , Re          , Re          , Re          , Gg          , Re^Gvs      , Ch          , Rrc         , Rrc         , Ch          , Rrc         , Rrc         , Ch          , Rr          , Rr          , Rr          , Rr          , Rr          , Re          , Re          , Rp          , Ch          , Ch          , Gg          , Gg          , Ch          , Aa^Fpa      , Aa^Fpa      , Aa^Fpa      , Aa^Fpa      , Ha          , Ha          
Ha          , Aa          , Cha         , Rb          , Rb          , Rb          , Rb          , Re          , Re          , Gg          , Gg^Vh       , Rp          , Rp          , Rp          , Rr          , Rr          , Rp          , Re          , Re          , Uu          , Re          , Re          , Ww          , Ww          , Ww          , Gg          , Rr          , Ch          , Ch          , Rrc         , Ch          , Ch          , Rr          , Rr          , Rr          , Rr^Es       , Rr          , Rr          , Re^Es       , Re^Gvs      , Re^Gvs      , Rp          , Rp          , Ch          , Gg          , Ch          , Aa          , Aa^Fpa      , Aa^Fpa      , Aa^Fpa      , Aa^Fpa      , Ha          
Ha          , Aa          , Aa          , Cha         , Cha         , Rb          , Rb          , Rb          , Re          , Re          , Ch          , Rp          , Rp          , Rp^Es       , Rp          , Rr          , Rr          , Rp          , Re          , Uu          , Uu          , Re          , Ww          , Ww          , Ww          , Gg          , Rr          , Rr          , Rr          , Ch          , Rr          , Rr          , Ch          , Rr          , Rr          , Rr          , Rr          , Rr          , Rr          , Re          , Gg^Vh       , Re^Gvs      , Re^Gvs      , Rp          , Rp          , Cha         , Cha         , Aa          , Aa          , Aa^Fpa      , Aa^Fpa      , Aa^Fpa      
Ha          , Aa          , Aa          , Aa          , Aa          , Cha         , Ch          , Rb          , Rb          , Rb          , Rb          , Re          , Re          , Rp          , Ch          , Rp          , Rr          , Rp          , Rp          , Re          , Re          , Re          , Re          , Ww^Bw|      , Gg^Vh       , Gg^Fet      , Rr          , Rr          , Rr          , Rr          , Ch          , Ch          , Rp          , Ch          , Ch          , Rr          , Ch          , Rr          , Rr          , Rr          , Rr          , Re          , Rp          , Rp          , Rp          , Rp          , Cha         , Aa          , Aa          , Aa^Fpa      , Aa^Fpa      , Aa^Fpa      
Ha          , Aa          , Aa          , Aa          , Aa          , Chr         , Rb          , Ch          , Ch          , Rb          , Rb          , Rb          , Rb^Es       , Re          , Re          , Rp          , Rp          , Rr          , Rr          , Rp          , Rp          , Gg          , Gg          , Gg          , Rr          , Rr          , Rr          , Rr          , Ch          , Ch          , Rp          , Rp          , Rp          , Rp          , Rp          , Ch          , Rp          , Ch          , Ch          , Rr          , Rr          , Rr          , Rp          , Rp          , Ch          , Ch          , Aa          , Aa          , Aa          , Aa^Fpa      , Aa^Fpa      , Aa^Fpa      
Aa^Fpa      , Aa^Fpa      , Aa          , Aa          , Aa          , Chr         , Rb          , Rb          , Rb          , Ch          , Ch          , Rb          , Rb          , Rb          , Re          , Re          , Ch          , Ch          , Ch          , Rp          , Re          , Ch          , Rr          , Rr          , Rr          , Rr          , Ch          , Ch          , Rp          , Rp          , Gd          , Gs          , Gs          , Gs          , Gs          , Rp          , Rp          , Rp          , Ch          , Rr          , Rr          , Rr          , Rr          , Ch          , Ch          , Aa          , Aa          , Aa          , Aa          , Aa^Fpa      , Aa^Fpa      , Aa^Fpa      
Aa^Fpa      , Aa^Fpa      , Aa^Fpa      , Aa          , Aa          , Cha         , Rb          , Re^Gvs      , Re^Gvs      , Rb          , Rb          , Ch          , Chr         , Rb          , Re          , Re          , Re          , Chr         , Re          , Re          , Rp          , Rr          , Rr          , Rr          , Ch          , Ch          , Gs^Fp       , Gs^Fp       , Re          , Gd          , Chr         , Gs          , Rp          , Gs          , Gs          , Gs          , Gs          , Rp          , Ch          , Rr          , Re^Gvs      , Rr          , Rr          , Rr          , Ch          , Aa          , Aa          , Aa          , Aa^Fpa      , Aa^Fpa      , Aa^Fpa      , Aa^Fpa      
Aa^Fpa      , Aa^Fpa      , Aa^Fpa      , Aa          , Aa          , Chr         , Rb          , Rb          , Rb          , Rb          , Rb          , Rb          , Rb          , Rb          , Rb          , Rb          , Rb          , Re          , Rb          , Re          , Re          , Rp          , Chr         , Ch          , Gs          , Gs          , Gs          , Gs          , Rb          , Re          , Rp          , Rp          , Rp          , Gs          , Uu^Dr       , Gs          , Ch          , Ch          , Rp          , Rr          , Gg^Vh       , Gg          , Rr          , Rr          , Ch          , Aa          , Aa          , Aa          , Aa^Fpa      , Aa^Fpa      , Aa^Fpa      , Aa^Fpa      
Aa^Fpa      , Aa^Fpa      , Aa^Fpa      , Aa          , Aa          , Cha         , Chr         , Rb          , Uu          , Khr         , Uu          , Rb          , Gs^Fp       , Gg          , Gg          , Gg          , Gg          , Rb          , Rb^Gvs      , Rb          , Re          , Chr         , Re          , Re          , Re          , Gs          , Uu          , Gs          , Gs          , Re          , Re          , Rp^Es       , Gs          , Uu          , Uu          , Uu          , Uu          , Rp          , Rp          , Rr          , Ch          , Gg          , Rr          , Rr          , Rr          , Cha         , Aa          , Aa          , Aa          , Aa^Fpa      , Aa^Fpa      , Aa^Fpa      
Aa^Fpa      , Aa^Fpa      , Aa^Fpa      , Aa          , Aa          , Aa          , Cha         , Gg          , Gg          , Uu          , Gg          , Gs^Fp       , Gg          , Gg          , Gg          , Rb          , Rb          , Rb^Gvs      , Rb^Gvs      , Rb          , Rb          , Re          , Re          , Re          , Re          , Rb          , Uu^Dr       , Uu          , Chr         , Rb          , Gs          , Gs          , Gs          , Uu^Dr       , Uu          , Uu          , Ch          , Rp          , Rp          , Ch          , 4 Kh        , Ch          , Rr          , Rr          , Rr          , Cha         , Aa          , Aa          , Aa          , Aa^Fpa      , Aa^Fpa      , Aa^Fpa      
Aa^Fpa      , Aa^Fpa      , Aa          , Aa          , Aa          , Aa          , Aa          , Chr         , Uu          , Gg          , Re          , Gg          , Chr         , Gg          , Rb          , Rb          , Rb          , Rb^Gvs      , Rb          , Rb          , Rb          , Rb          , Uu          , Chr         , Chr         , Rb          , Rb          , Uu          , Re          , Khr         , Chr         , Gs          , Re^Es       , Gs          , Gs          , Gs          , Ch          , Rp          , Rp          , Ch          , Ch          , Ch          , Rr          , Rr          , Rr          , Cha         , Aa          , Aa          , Aa          , Aa^Fpa      , Aa^Fpa      , Aa^Fpa      
Aa^Fpa      , Aa^Fpa      , Aa          , Aa          , Aa          , Aa          , Aa          , Aa          , Aa          , Chr         , Uu          , Re          , Uu^Dr       , Rb          , Rb          , Rb          , Rb          , Rb          , Chr         , Rb          , Uu^Dr       , Chr         , Aa          , Aa          , Aa          , Cha         , Chr         , Gs          , Re          , Re          , Re          , Re          , Re          , Re          , Chr         , Chr         , Cha         , Rp          , Rp          , Rp          , Rp          , Rr          , Rr          , Rr          , Cha         , Cha         , Aa          , Aa          , Aa          , Aa^Fpa      , Aa^Fpa      , Aa^Fpa      
Aa^Fpa      , Aa^Fpa      , Aa          , Aa          , Ha          , Aa          , Aa          , Aa          , Aa          , Aa          , Aa          , Uu^Dr       , Aa          , Aa          , Rb          , Rb          , Rb          , Uu^Dr       , Rb          , Chr         , Rb          , Aa          , Aa          , Aa          , Aa          , Aa          , Aa          , Cha         , Chr         , Re          , Chr         , Uu^Dr       , Uu          , Uu^Dr       , Aa          , Aa          , Rb          , Rb          , Rp          , Rp          , Rp          , Rr          , Rr          , Rr          , Cha         , Aa          , Aa          , Aa          , Aa          , Aa^Fpa      , Aa^Fpa      , Aa^Fpa      
Aa^Fpa      , Aa^Fpa      , Aa          , Ha          , Ha          , Ha          , Aa          , Aa          , Aa          , Aa          , Aa          , Aa          , Cea         , Rb          , Aa          , Aa          , Aa          , Rb          , Rb          , Rb          , Rb          , Rb          , Rb          , Aa          , Rb          , Aa          , Rb          , Aa          , Aa          , Chr         , Aa          , Aa          , Aa          , Aa          , Rb          , Rb          , Aa          , Uu          , Cha         , Rp          , Rp          , Rr          , Cha         , Cha         , Aa          , Aa          , Aa          , Aa          , Aa          , Aa^Fpa      , Aa^Fpa      , Aa^Fpa      
Aa^Fpa      , Aa^Fpa      , Aa          , Ha          , Ha          , Ha          , Aa          , Aa          , Aa          , Re^Vct      , Aa          , Cea         , 5 Kea       , Cea         , Aa          , Aa          , Aa          , Aa          , Aa          , Aa          , Aa          , Rb          , Rb          , Rb          , Rb          , Rb          , Rb^Es       , Rb          , Rb          , Aa          , Aa          , Aa          , Rb          , Rb          , Aa          , Aa          , Aa          , Aa          , Aa          , Cha         , Cha         , Cha         , Aa          , Aa          , Aa          , Aa          , Aa          , Aa          , Aa          , Aa^Fpa      , Aa^Fpa      , Aa^Fpa      
Aa^Fpa      , Aa^Fpa      , Aa^Fpa      , Aa          , Aa          , Ha          , Aa          , Aa          , Aa          , Aa          , Aa          , Cea         , Cea         , Cea         , Aa          , Aa          , Aa          , Aa          , Aa          , Aa          , Aa          , Aa          , Aa          , Rb          , Aa          , Rb          , Rb          , Rb          , Rb          , Rb          , Rb          , Rb          , Aa          , Aa          , Aa          , Aa          , Aa          , Aa          , Aa          , Aa          , Aa          , Aa          , Aa          , Aa          , Aa          , Aa          , Aa          , Aa          , Aa^Fpa      , Aa^Fpa      , Aa^Fpa      , Aa^Fpa      
Aa^Fpa      , Aa^Fpa      , Aa^Fpa      , Aa^Fpa      , Aa^Fpa      , Aa          , Aa          , Aa          , Aa          , Aa          , Re^Vct      , Aa          , Aa          , Aa          , Aa          , Aa          , Aa          , Aa          , Aa          , Aa          , Aa          , Aa          , Aa          , Aa          , Aa          , Aa          , Aa          , Aa          , Aa          , Rb          , Rb          , Aa          , Aa          , Aa          , Aa          , Aa          , Aa          , Aa          , Aa          , Aa          , Aa          , Aa          , Aa          , Aa          , Aa          , Aa          , Aa          , Aa          , Aa^Fpa      , Aa^Fpa      , Aa^Fpa      , Aa^Fpa      
Ha          , Ha          , Ha          , Aa^Fpa      , Aa^Fpa      , Aa          , Aa          , Aa          , Aa          , Aa          , Aa^Fpa      , Aa          , Aa^Fpa      , Aa          , Aa          , Aa          , Aa          , Aa          , Aa          , Aa          , Aa          , Aa          , Aa          , Aa          , Aa          , Aa          , Aa          , Aa          , Aa          , Rb          , Rb          , Rb          , Aa          , Aa          , Aa          , Aa          , Aa          , Aa          , Aa          , Aa          , Aa          , Aa          , Aa          , Aa          , Aa          , Aa          , Aa          , Aa          , Aa^Fpa      , Aa^Fpa      , Aa^Fpa      , Aa^Fpa      
Ha          , Ha          , Ha          , Ha          , Aa^Fpa      , Aa^Fpa      , Aa^Fpa      , Aa          , Aa          , Aa          , Aa^Fpa      , Aa^Fpa      , Aa^Fpa      , Aa^Fpa      , Aa          , Aa          , Aa          , Aa          , Aa          , Aa          , Aa          , Aa          , Aa          , Aa          , Aa          , Aa          , Aa          , Aa          , Aa          , Aa          , Rb          , Rb          , Rb          , Aa          , Aa          , Aa          , Aa          , Aa          , Aa          , Aa          , Aa          , Aa          , Aa          , Aa          , Aa          , Aa          , Aa^Fpa      , Aa^Fpa      , Aa^Fpa      , Aa^Fpa      , Aa^Fpa      , Aa^Fpa      
Ha          , Ha          , Ha          , Ha          , Aa^Fpa      , Aa^Fpa      , Aa^Fpa      , Aa^Fpa      , Aa^Fpa      , Aa          , Aa          , Aa^Fpa      , Ha          , Aa^Fpa      , Aa          , Aa          , Aa          , Aa          , Aa^Fpa      , Aa          , Aa^Fpa      , Aa          , Aa^Fpa      , Aa          , Aa          , Aa          , Aa          , Aa          , Aa          , Aa          , Aa          , Rb          , Rb          , Rb          , Aa          , Aa          , Aa          , Aa          , Aa          , Aa          , Aa          , Aa^Fpa      , Aa^Fpa      , Aa          , Aa^Fpa      , Aa^Fpa      , Ha^Fpa      , Ha^Fpa      , Aa^Fpa      , Aa^Fpa      , Aa^Fpa      , Aa^Fpa      
Ha          , Ha          , Ha          , Ha          , Ha          , Aa^Fpa      , Aa^Fpa      , Aa^Fpa      , Aa^Fpa      , Aa^Fpa      , Aa^Fpa      , Ha          , Ha          , Ha          , Aa          , Aa          , Aa^Fpa      , Aa^Fpa      , Aa^Fpa      , Aa^Fpa      , Aa^Fpa      , Aa^Fpa      , Aa^Fpa      , Aa^Fpa      , Aa^Fpa      , Aa          , Aa          , Aa          , Aa          , Aa          , Aa          , Rb          , Rb^Es       , Rb          , Rb          , Aa          , Aa          , Aa          , Aa          , Aa          , Aa          , Aa^Fpa      , Aa^Fpa      , Aa^Fpa      , Aa^Fpa      , Ha^Fpa      , Ha^Fpa      , Ha^Fpa      , Aa^Fpa      , Aa^Fpa      , Aa^Fpa      , Aa^Fpa      
Ha          , Ha          , Ha          , Ha          , Ha          , Aa^Fpa      , Aa^Fpa      , Aa^Fpa      , Aa^Fpa      , Aa^Fpa      , Aa^Fpa      , Aa^Fpa      , Aa^Fpa      , Ha          , Aa^Fpa      , Aa^Fpa      , Aa^Fpa      , Aa^Fpa      , Aa^Fpa      , Aa^Fpa      , Aa^Fpa      , Aa^Fpa      , Aa^Fpa      , Aa^Fpa      , Aa^Fpa      , Aa^Fpa      , Aa^Fpa      , Aa          , Aa          , Aa          , Aa          , Rb          , Rb          , Rb          , Rb          , Rb          , Aa          , Aa          , Aa          , Aa          , Aa          , Aa          , Aa^Fpa      , Aa^Fpa      , Aa^Fpa      , Ha^Fpa      , Ha^Fpa      , Ha^Fpa      , Aa^Fpa      , Aa^Fpa      , Aa^Fpa      , Aa^Fpa      
Ha          , Ha          , Ha          , Ha          , Ha          , Ha          , Aa^Fpa      , Aa^Fpa      , Aa^Fpa      , Aa^Fpa      , Aa^Fpa      , Aa^Fpa      , Aa^Fpa      , Aa^Fpa      , Aa^Fpa      , Aa^Fpa      , Aa^Fpa      , Aa^Fpa      , Aa^Fpa      , Aa^Fpa      , Aa^Fpa      , Aa^Fpa      , Aa^Fpa      , Aa^Fpa      , Aa^Fpa      , Aa^Fpa      , Aa^Fpa      , Aa^Fpa      , Aa          , Aa          , Aa          , Aa          , Aa          , Rb          , Rb          , Rb          , Aa          , Aa          , Aa          , Aa          , Aa          , Aa          , Aa^Fpa      , Aa^Fpa      , Aa^Fpa      , Ha^Fpa      , Ha^Fpa      , Aa^Fpa      , Ha^Fpa      , Aa^Fpa      , Ha^Fpa      , Aa^Fpa      
Ha          , Ha          , Ha          , Ha          , Ha          , Ha          , Ha          , Aa^Fpa      , Aa^Fpa      , Aa^Fpa      , Aa^Fpa      , Aa^Fpa      , Aa^Fpa      , Aa^Fpa      , Aa^Fpa      , Aa^Fpa      , Aa^Fpa      , Aa^Fpa      , Aa^Fpa      , Aa^Fpa      , Aa^Fpa      , Aa^Fpa      , Aa^Fpa      , Aa^Fpa      , Aa^Fpa      , Aa^Fpa      , Aa^Fpa      , Aa^Fpa      , Aa^Fpa      , Aa          , Aa          , Aa          , Aa          , Rb          , Rb          , Rb          , Rb          , Aa          , Aa          , Aa          , Aa          , Aa          , Aa          , Aa^Fpa      , Aa^Fpa      , Aa^Fpa      , Aa^Fpa      , Ha^Fpa      , Aa^Fpa      , Ha^Fpa      , Aa^Fpa      , Aa^Fpa      
