border_size=1
usage=map

Aa          , Ai          , Ai          , Ai          , Ai          , Ai          , Ms^Xm       , Ms^Xm       , Ms^Xm       , Ms^Xm       , Ms^Xm       , Ms^Xm       , Ai          , Ms^Xm       , Ms^Xm       , Ms^Xm       , Ms^Xm       , Ms^Xm       , Ms^Xm       , Ms^Xm       , Ms^Xm       , Ms^Xm       , Ms^Xm       , Ms^Xm       , Ms^Xm       , Ms^Xm       , Ms^Xm       , Ms^Xm       , Ms^Xm       , Ms^Xm       , Ms^Xm       , Ha          , Ha          , Ha          , Ha          , Ha          , Aa          , Aa          , Rb          , Rb          , Rb          , Rb          , Aa^Fpa      , Aa^Fpa      , Aa^Fpa      , Aa^Fpa      , Ha          , Ha          , Ha          , Ha          , Ha          , Ms          
Aa          , Aa          , Ai          , Ai          , Ai          , Ai          , Ai          , Ms^Xm       , Ai          , Ms^Xm       , Ai          , Ai          , Ai          , Ai          , Ai          , Ms^Xm       , Ms^Xm       , Ms^Xm       , Ms^Xm       , Ms^Xm       , Ms^Xm       , Ms^Xm       , Ms^Xm       , Ms^Xm       , Ha          , Ha          , Ha          , Ha          , Ha          , Ha          , Ha          , Ha          , Ha          , Ha          , Ha          , Ha          , Aa          , Rb          , Rb          , Rb          , Rb          , Rb          , Aa^Fpa      , Aa^Fpa      , Aa^Fpa      , Aa^Vha      , Aa^Fpa      , Ww          , Ww          , Ha          , Ha          , Ms          
Aa          , Aa          , Aa          , Ai          , Ai          , Ai          , Aa^Fpa      , Ai          , Ai          , Ai          , Ai          , Ai          , Ai          , Ai          , Ai          , Ai          , Ai          , Ms^Xm       , Ai          , Ms^Xm       , Ms^Xm       , Ms^Xm       , Ms^Xm       , Ha          , Aa^Fpa      , Ha          , Aa^Fpa      , Ha          , Aa^Fpa      , Aa^Fpa      , Aa^Fpa      , Aa^Fpa      , Ha          , Ha          , Aa^Vca      , Aa          , Aa          , Rb          , Rb          , Rb          , Aa          , Aa          , Aa^Fpa      , Aa^Fpa      , Aa^Fpa      , Aa^Fpa      , Ai          , Ww          , Ww          , Ai          , Aa^Fpa      , Aa^Fpa      
Ms          , Aa          , Aa          , Aa          , Aa          , Aa^Fpa      , Aa^Fpa      , Aa^Fpa      , Ai          , Ai          , Ai          , Ai          , Ai          , Ai          , Ai          , Ai          , Ai          , Ai          , Ai          , Ai          , Ai          , Ms^Xm       , Ms^Xm       , Ha          , Aa^Fpa      , Aa^Fpa      , 5 Aa^Fpa    , Aa^Fpa      , Aa^Fpa      , Aa^Fpa      , Aa          , Ha          , Ha          , Ha          , Aa          , Aa          , Rb          , Rb          , Rb          , Rb          , Aa          , Ha          , Ha          , Aa^Fpa      , Aa^Fpa      , Aa^Fpa      , Ai          , Ai          , Ai          , Aa^Fpa      , Aa^Fpa      , Aa^Fpa      
Ms          , Ms          , Aa^Fpa      , Aa          , Aa          , Aa^Fpa      , Aa^Fpa      , Aa^Fpa      , Aa          , Ai          , Ms^Xm       , Ms^Xm       , Ms^Xm       , Ai          , Ai          , Ai          , Ai          , Ai          , Ai          , Ai          , Ai          , Ai          , Ai          , Ha          , Ha          , Aa^Fpa      , Aa^Fpa      , Aa^Fpa      , Aa^Fpa      , Aa          , Aa          , Ha          , Ha          , Aa          , Aa          , Rb          , Rb          , Rb          , Aa          , Aa          , Ha          , Ha          , Ha          , Aa^Fpa      , Aa^Fpa      , Aa^Fpa      , Ms^Xm       , Ai          , Aa^Fpa      , Aa^Fpa      , Aa^Fpa      , Aa^Fpa      
Ms          , Ms          , Aa^Fpa      , Aa^Fpa      , Aa^Fpa      , Aa          , Aa          , Aa          , Aa          , Aa          , Ms^Xm       , Ms^Xm       , Ms^Xm       , Ms^Xm       , Ms^Xm       , Ms^Xm       , Ms^Xm       , Ai          , Ms^Xm       , Ai          , Ai          , Ai          , Ai          , Ai          , Ai          , Aa          , Aa^Fpa      , Aa^Fpa      , Aa^Fpa      , Aa          , Aa          , Ha          , Ha          , Aa          , Rb          , Rb          , Rb          , Aa          , Aa          , Ha          , Ha          , Ha          , Ha          , Aa^Fpa      , Aa^Fpa      , Ms^Xm       , Ms^Xm       , Ha          , Aa^Fpa      , Aa^Fpa      , Aa^Fpa      , Aa^Fpa      
Ms          , Ms          , Aa^Fpa      , Aa^Fpa      , Aa^Fpa      , Aa          , Aa^Fpa      , Aa          , Aa^Fpa      , Aa^Fpa      , Aa^Fpa      , Ms^Xm       , Ms^Xm       , Ms^Xm       , Ms^Xm       , Ms^Xm       , Ms^Xm       , Ms^Xm       , Ms^Xm       , Ms^Xm       , Ms^Xm       , Ai          , Ai          , Ai          , Ww          , Ai          , Ai          , Aa^Fpa      , Aa          , Aa          , Aa          , Ha          , Aa          , Aa          , Rb          , 2 Rb        , Rb          , Aa          , Ha          , Ha          , Ha          , Ha          , Ha          , Aa^Fpa      , Aa^Fpa      , Ms^Xm       , Ms^Xm       , Ha          , Ha          , Aa^Fpa      , Aa^Fpa      , Aa^Fpa      
Ms          , Ms          , Ms          , Aa^Fpa      , Aa^Fpa      , Aa          , Aa^Fpa      , Aa^Fpa      , Aa^Fpa      , Aa^Fpa      , Aa^Fpa      , Ms^Xm       , Ms^Xm       , Ms^Xm       , Ms^Xm       , Ms^Xm       , Ms^Xm       , Ms^Xm       , Ms^Xm       , Ms^Xm       , Ms^Xm       , Ms^Xm       , Ms^Xm       , Ai          , Ai          , Ai          , Ai          , Aa          , Aa          , Aa          , Aa          , Ha          , Aa          , Rb          , Rb          , Rb          , Rb          , Aa^Fpa      , Ha          , Ha          , Ha          , Ha          , Ha          , Ha          , Ha          , Ms^Xm       , Ms^Xm       , Ha          , Ha          , Aa^Fpa      , Aa^Fpa      , Aa^Fpa      
Ms          , Ms          , Ms          , Aa^Fpa      , Aa^Fpa      , Re          , Aa^Fpa      , Aa^Fpa      , Aa^Fpa      , Aa^Fpa      , Ms          , Ms^Xm       , Ms^Xm       , Ms^Xm       , Ms^Xm       , Ms^Xm       , Ms^Xm       , Ms^Xm       , Ms^Xm       , Ms^Xm       , Ms^Xm       , Ms^Xm       , Ms^Xm       , Ha          , Aa^Fpa      , Ai          , Ai          , Ai          , Ai          , Aa          , Aa          , Ha          , Aa          , Rb          , Ce          , Ce          , Ce          , Aa^Fpa      , Ha          , Ha          , Ha          , Ha          , Ha          , Ha          , Ha          , Ms^Xm       , Ms^Xm       , Ha          , Ha          , Aa^Fpa      , Aa^Fpa      , Aa^Fpa      
Aa^Fpa      , Ms          , Aa^Fpa      , Aa^Fpa      , Aa^Fpa      , Aa          , Aa^Fpa      , Aa^Fpa      , Aa^Fpa      , Aa^Fpa      , Ms          , Ms^Xm       , Ms^Xm       , Ms^Xm       , Ms^Xm       , Ms^Xm       , Ms^Xm       , Ms^Xm       , Ms^Xm       , Ms^Xm       , Ms^Xm       , Ms^Xm       , Ms^Xm       , Aa^Fpa      , Aa^Fpa      , Aa^Fpa      , Ai          , Ai          , Ai          , Aa          , Aa          , Ha          , Aa          , Rb          , Ce          , 1 Ke        , Ce          , Aa^Fpa      , Ha          , Ha          , Ha          , Ha          , Ha          , Ha          , Ha          , Ms^Xm       , Ms^Xm       , Ha          , Ha          , Aa^Fpa      , Aa^Fpa      , Aa^Fpa      
Aa^Fpa      , Aa^Fpa      , Aa^Fpa      , Aa^Fpa      , Aa^Fpa      , Aa          , Aa^Fpa      , Aa^Fpa      , Aa^Fpa      , Aa^Fpa      , Ms          , Ms          , Ms^Xm       , Ms^Xm       , Ms^Xm       , Ms^Xm       , Ms^Xm       , Ms^Xm       , Ms^Xm       , Ms^Xm       , Ms^Xm       , Ms^Xm       , Ms^Xm       , Aa^Fpa      , Aa^Fpa      , Aa^Fpa      , Ai          , Ww          , Ai          , Aa          , Aa          , Ha          , Ha          , Ha          , Rb          , Ce          , Rb          , Aa^Fpa      , Ha          , Ha          , Ha          , Ha          , Ha          , Ha          , Ha          , Ms^Xm       , Ms^Xm       , Ha          , Ha          , Aa^Fpa      , Aa^Fpa      , Aa^Fpa      
Aa^Fpa      , Aa^Fpa      , Aa^Fpa      , Aa^Fpa      , Aa^Fpa      , Aa          , Aa^Fpa      , Aa^Fpa      , Aa^Fpa      , Aa^Fpa      , Ms          , Ms          , Ms^Xm       , Ms^Xm       , Ms^Xm       , Ms^Xm       , Ms^Xm       , Ms^Xm       , Ms^Xm       , Ms^Xm       , Ms^Xm       , Ms          , Ha          , Ha          , Ha          , Aa          , Ai          , Ai          , Ai          , Aa          , Aa          , Aa^Fpa      , Ha          , Ha          , Rb          , Rb          , Rb          , Aa^Fpa      , Ha          , Ha          , Aa^Fpa      , Ha          , Ha          , Ha          , Ha          , Ms^Xm       , Ms^Xm       , Aa^Fpa      , Ha          , Aa^Fpa      , Aa^Fpa      , Aa^Fpa      
Aa^Fpa      , Aa^Fpa      , Aa^Fpa      , Aa^Fpa      , Aa^Fpa      , Rb          , Aa^Fpa      , Aa^Fpa      , Aa^Fpa      , Aa^Fpa      , Aa^Fpa      , Ms^Xm       , Ms^Xm       , Ms^Xm       , Ms^Xm       , Ms^Xm       , Ms^Xm       , Ms^Xm       , Ms^Xm       , Ms^Xm       , Ms          , Ha          , Ha          , Ha          , Ha          , Aa          , Ww          , Ai          , Ai          , Aa          , Aa^Fpa      , Aa^Fpa      , Aa^Fpa      , Ha          , Rb          , Rb          , Rb          , Aa^Fpa      , Aa^Fpa      , Aa^Fpa      , Aa^Fpa      , Ha          , Ha          , Ha          , Ha          , Ms^Xm       , Ms^Xm       , Ha          , Ha          , Aa^Fpa      , Aa^Fpa      , Aa^Fpa      
Aa^Fpa      , Aa^Fpa      , Aa^Fpa      , Aa^Fpa      , Aa^Fpa      , Rb          , Aa^Fpa      , Aa^Fpa      , Aa^Fpa      , Aa^Fpa      , Aa^Fpa      , Aa^Fpa      , Aa^Fpa      , Ms^Xm       , Ms^Xm       , Ms^Xm       , Ms^Xm       , Ms^Xm       , Ms^Xm       , Ms^Xm       , Ms^Xm       , Ha          , Ha          , Ha          , Ha          , Aa          , Ai          , Ai          , Ai          , Aa^Fpa      , Aa^Fpa      , Aa^Fpa      , Aa^Fpa      , Aa          , Rb          , Rb          , Rb          , Rb          , Aa          , Aa^Fpa      , Aa^Fpa      , Aa^Fpa      , Ha          , Ha          , Ha          , Ha^Vhha     , Ms^Xm       , Ha          , Ha          , Aa^Fpa      , Aa^Fpa      , Aa^Fpa      
Aa^Fpa      , Aa^Fpa      , Aa^Fpa      , Aa^Fpa      , Aa^Fpa      , Rb          , Aa^Fpa      , Aa^Fpa      , Aa^Fpa      , Aa^Fpa      , Aa^Fpa      , Aa^Fpa      , Aa^Fpa      , Aa^Fpa      , Ms^Xm       , Ms^Xm       , Ms^Xm       , Ms^Xm       , Ms^Xm       , Ha          , Ms^Xm       , Ha          , Ha          , Ha          , Aa          , Aa          , Ai          , Ai          , Ai          , Aa^Fpa      , Aa^Fpa      , Aa^Fpa      , Aa^Fpa      , Aa          , Rb          , Rb          , Rb          , Rb          , Aa          , Aa^Fpa      , Aa^Fpa      , Aa^Fpa      , Aa^Fpa      , Ha          , Ha          , Ha          , Ms          , Ha          , Ha          , Aa^Fpa      , Aa^Fpa      , Aa^Fpa      
Aa^Fpa      , Aa^Fpa      , Aa^Fpa      , Aa^Fpa      , Aa^Fpa      , Rb          , Aa^Fpa      , Aa^Fpa      , Aa^Fpa      , Aa^Fpa      , Aa^Fpa      , Aa^Fpa      , Aa^Fpa      , Aa^Fpa      , Ms^Xm       , Ms^Xm       , Ms^Xm       , Ms          , Ms          , Ha          , Ha          , Ha          , Ha          , Ha          , Ha          , Aa^Vha      , Ai          , Ai          , Ai          , Aa^Fpa      , Aa^Fpa      , Aa^Fpa      , Aa          , Aa          , Rb          , Rb          , Rb          , Rb          , Aa^Vha      , Aa          , Aa^Fpa      , Aa^Fpa      , Aa^Fpa      , Ha          , Ha          , Ha          , Ms          , Ha          , Ha          , Ha          , Aa^Fpa      , Aa^Fpa      
Aa^Fpa      , Aa^Fpa      , Aa^Fpa      , Aa^Fpa      , Aa^Fpa      , Rb          , Aa^Fpa      , Aa^Fpa      , Aa^Fpa      , Aa^Fpa      , Aa^Fpa      , Aa^Fpa      , Aa^Fpa      , Ms^Xm       , Ms^Xm       , Ms^Xm       , Ms^Xm       , Ms          , Ms          , Ha          , Ha          , Ha          , Ha          , Ha          , Ha          , Ha          , Ai          , Ww          , Ai          , Ai          , Ai          , Aa^Fpa      , Aa          , Aa          , Aa          , Rb          , Rb^Es       , Rb          , Rb          , Aa          , Aa          , Aa^Fpa      , Aa^Fpa      , Aa^Fpa      , Ha          , Ha          , Ms          , Ha          , Ha          , Aa^Fpa      , Aa^Fpa      , Aa^Fpa      
Aa^Fpa      , Aa^Fpa      , Aa^Fpa      , Aa^Fpa      , Aa^Fma      , Aa^Fda      , Aa^Fda      , Aa^Fpa      , Aa^Fpa      , Aa^Fpa      , Aa^Fpa      , Aa^Fpa      , Ms^Xm       , Ms^Xm       , Ms^Xm       , Ms^Xm       , Ms          , Ms          , Ha          , Ha          , Ha          , Ha          , Ha          , Ha          , Ha          , Ha          , Ha          , Ai          , Aa^Fpa      , Ai          , Ai          , Ai          , Ai          , Aa          , Aa          , Rb          , Rb          , Rb          , Rb          , Aa          , Aa          , Aa^Fpa      , Aa^Fpa      , Aa^Fpa      , Aa^Fpa      , Ha          , Ms          , Ha          , Ha          , Aa^Fpa      , Aa^Fpa      , Aa^Fpa      
Aa^Fpa      , Aa^Fpa      , Aa^Fpa      , Aa^Fpa      , Ds          , Gs^Fmf      , Wo          , Ai          , Aa^Fpa      , Aa^Fpa      , Aa^Fpa      , Ms^Xm       , Ms^Xm       , Ms^Xm       , Ms^Xm       , Ms^Xm       , Ha          , Ha          , Ha          , Ha          , Ha          , Ha          , Ha          , Ha          , Ha          , Ha          , Aa^Fpa      , Aa^Fpa      , Aa^Fpa      , Aa^Fpa      , Aa^Fpa      , Ai          , Ai          , Aa          , Aa          , Aa          , Rb          , Rb          , Rb          , Aa          , Aa          , Aa          , Aa^Fpa      , Aa^Fpa      , Aa^Fpa      , Aa^Fpa      , Ms          , Ha          , Aa^Fpa      , Aa^Fpa      , Aa^Fpa      , Aa^Fpa      
Aa^Fpa      , Aa^Fpa      , Aa^Fpa      , Aa^Fpa      , Aa^Fpa      , Ds          , Aa^Fpa      , Ai          , Aa^Fpa      , Aa^Fpa      , Ms^Xm       , Ms^Xm       , Ms^Xm       , Ms^Xm       , Ha          , Ha          , Ha          , Ha          , Ha          , Ha          , Ha          , Ha          , Ha          , Ha          , Ha          , Aa^Fpa      , Aa^Fpa      , Aa^Fpa      , Aa^Fpa      , Aa^Fpa      , Aa          , Ww          , Ai          , Aa          , Aa          , Aa          , Aa          , Rb          , Rb          , Rb          , Rb          , Aa          , Aa          , Aa^Fpa      , Aa^Fpa      , Aa^Fpa      , Ms          , Ha          , Aa^Fpa      , Aa^Fpa      , Ww          , Aa^Fpa      
Aa^Fpa      , Aa^Fpa      , Aa^Fpa      , Aa^Fpa      , Aa^Fpa      , Aa^Fpa      , Aa^Fpa      , Aa^Fpa      , Aa^Fpa      , Aa^Fpa      , Ms^Xm       , Ms^Xm       , Ms^Xm       , Ms^Xm       , Ha          , Ha          , Ha          , Ha          , Ha          , Ha          , Ha          , Ha          , Aa^Fpa      , Ha^Vhha     , Aa^Fpa      , Aa^Fpa      , Aa^Fpa      , Aa^Fpa      , Aa^Fpa      , Aa^Fpa      , Aa          , Ai          , Ai          , Ai          , Aa          , Aa          , Aa          , Rb          , Rb          , Rb          , Rb^Es       , Rb          , Rb          , Aa          , Aa          , Aa^Fpa      , Ms          , Ha          , Aa^Fpa      , Aa^Fpa      , Ww          , Ww          
Aa^Fpa      , Aa^Fpa      , Aa^Fpa      , Aa^Fpa      , Aa^Fpa      , Aa^Fpa      , Aa^Fpa      , Aa^Fpa      , Aa^Fpa      , Aa^Fpa      , Ms^Xm       , Ms^Xm       , Ms^Xm       , Ha          , Ha          , Ha          , Ha          , Ha          , Ha          , Ha          , Aa^Fpa      , Aa^Fpa      , Aa^Fpa      , Aa^Fpa      , Aa^Fpa      , Aa^Fpa      , Aa^Fpa      , Aa^Fpa      , Aa          , Aa          , Aa          , Ai          , Ai          , Ai          , Ww          , Aa          , Aa          , Aa          , Aa          , Rb          , Rb          , Rb          , Rb          , Rb          , Aa          , Aa^Fpa      , Ms          , Ha          , Aa^Fpa      , Aa^Fpa      , Re          , Ww          
Aa^Fpa      , Aa^Fpa      , Aa^Fpa      , Aa^Fpa      , Aa^Fpa      , Aa^Fpa      , Aa^Fpa      , Aa^Fpa      , Aa^Fpa      , Aa^Fpa      , Ms          , Ms^Xm       , Ms^Xm       , Ha          , Ha          , Ha          , Ha          , Ha          , Ha          , Ha          , Aa^Fpa      , Aa^Fpa      , Aa^Fpa      , Aa^Fpa      , Aa^Fpa      , Aa^Fpa      , Aa^Fpa      , Aa          , Aa          , Aa          , Aa^Fpa      , Aa^Fpa      , Aa^Fpa      , Ai          , Ai          , Ww          , Ww          , Aa          , Aa          , Aa          , Aa          , Rb          , Rb          , Rb          , Aa          , Aa^Fpa      , Ms          , Ha          , Aa^Fpa      , Aa^Fpa      , Aa^Fpa      , Re          
Aa^Fpa      , Aa^Fpa      , Aa^Fpa      , Aa^Fpa      , Aa^Fpa      , Aa^Fpa      , Ms          , Ms          , Ms          , Ms          , Ms^Xm       , Ms^Xm       , Ms^Xm       , Ha          , Ha          , Ha          , Ha          , Ha          , Aa^Fpa      , Aa^Fpa      , Aa^Fpa      , Aa^Fpa      , Aa^Fpa      , Aa^Fpa      , Aa^Fpa      , Aa^Fpa      , Aa          , Aa          , Aa          , Aa          , Aa^Fpa      , Aa^Fpa      , Aa^Fpa      , Aa          , Aa          , Ai          , Ai          , Ai          , Ww          , Aa          , Aa          , Rb          , Rb          , Rb          , Aa          , Aa^Fpa      , Ms          , Ha          , Aa^Fpa      , Aa^Fpa      , Aa^Fpa      , Aa^Fpa      
Aa^Fpa      , Aa^Fpa      , Aa^Fpa      , Aa^Fpa      , Aa^Fpa      , Aa^Fpa      , Ms          , Ms          , Ms          , Ms^Xm       , Ms^Xm       , Ms^Xm       , Ha          , Ha          , Ha          , Ha          , Ha          , Aa^Fpa      , Aa^Fpa      , Aa^Fpa      , Aa^Fpa      , Aa^Fpa      , Aa^Fpa      , Aa^Fpa      , Aa^Fpa      , Aa^Fpa      , Aa          , Aa          , Aa          , Aa          , Gg          , Aa^Fpa      , Aa          , Aa          , Aa          , Aa          , Aa          , Ai          , Ww          , Ww          , Ai          , Re          , Re          , Re          , Gg          , Aa^Fpa      , Mm          , Ha          , Aa^Fpa      , Aa^Fpa      , Aa^Fpa      , Aa^Fpa      
Aa^Fpa      , Aa^Fpa      , Aa^Fpa      , Aa^Fpa      , Aa^Fpa      , Aa^Fpa      , Ms          , Ms          , Ms^Xm       , Ms^Xm       , Ms^Xm       , Ms^Xm       , Ha          , Ha          , Ha          , Ha          , Ha          , Aa^Fpa      , Aa^Fpa      , Aa^Fpa      , Aa^Fpa      , Aa^Fpa      , Aa^Fpa      , Aa^Fpa      , Gs^Fp       , Gs^Fp       , Gs^Fp       , Gg          , Gg          , Gg          , Gg          , Gg          , Gg          , Gg          , Gg          , Aa^Vha      , Gg          , Gg          , Gg          , Ww          , Ww          , Re          , Re          , Re          , Chr         , Gs^Fp       , Mm          , Ha          , Aa^Fpa      , Aa^Fpa      , Aa^Fpa      , Aa^Fpa      
Aa^Fpa      , Aa^Fpa      , Aa^Fpa      , Aa^Fpa      , Aa^Fpa      , Ms          , Ms          , Ms          , Ms^Xm       , Ms^Xm       , Ms^Xm       , Ha          , Ha          , Ha          , Ha          , Ha          , Aa^Fpa      , Aa^Fpa      , Aa^Fpa      , Aa^Fpa      , Aa^Fpa      , Aa^Fpa      , Gs^Fp       , Gs^Fp       , Gs^Fp       , Gs^Fp       , Gg^Vh       , Gs^Fp       , Gs^Fp       , Gg          , Gs^Fp       , Gg          , Gg          , Gg          , Gg          , Gg          , Gg          , Gg          , Gs^Fp       , Ww          , Ww          , Re          , Re^Es       , Re          , Rp^Dr       , Khr         , Mm          , Aa^Fpa      , Aa^Fpa      , Aa^Fpa      , Aa^Fpa      , Aa^Fpa      
Aa^Fpa      , Aa^Fpa      , Aa^Fpa      , Aa^Fpa      , Aa^Fpa      , Ms          , Ms          , Ms          , Ms^Xm       , Ms^Xm       , Ms^Xm       , Ha          , Ha          , Ha          , Aa^Fpa      , Aa^Fpa      , Aa^Fpa      , Aa^Fpa      , Aa^Fpa      , Aa^Fpa      , Gs^Fp       , Gs^Fp       , Gs^Fp       , Gs^Fp       , Re^Gvs      , Re^Gvs      , Re^Gvs      , Re^Gvs      , Gg          , Gs^Fp       , Gg          , Gs^Fp       , Gg          , Gg          , Gg          , Gg          , Re^Gvs      , Gs^Fp       , Re^Gvs      , Ww          , Ww^Bw/      , Re          , Re          , Re          , Gg^Dr       , Rp^Dr       , Gs^Fp       , Gg          , Gg          , Gg          , Gg          , Aa^Fpa      
Aa^Fpa      , Aa^Fpa      , Aa^Fpa      , Aa^Fpa      , Ms          , Ms          , Ms          , Ms^Xm       , Ms^Xm       , Ms^Xm       , Ha          , Ha          , Ha          , Aa^Fpa      , Aa^Fpa      , Aa^Fpa      , Aa^Fpa      , Aa^Fpa      , Gg          , Gg          , Gg          , Gs^Fp       , Re^Gvs      , Re^Gvs      , Re^Gvs      , Re^Gvs      , Re^Gvs      , Re^Gvs      , Gg^Gvs      , Gg          , Gg          , Gg          , Gg          , Gg          , Gg^Gvs      , Re^Gvs      , Re^Gvs      , Gg^Vh       , Re          , Ww^Bw/      , Ww          , Chr         , Re          , Re          , Gs^Fp       , Gs^Fp       , Gs^Fp       , Re          , Re          , Re          , Re          , Gg          
Aa^Fpa      , Aa^Fpa      , Aa^Fpa      , Aa^Fpa      , Ms          , Ms          , Ms          , Ms^Xm       , Ms^Xm       , Ms^Xm       , Ha          , Ha          , Aa^Fpa      , Aa^Fpa      , Aa^Fpa      , Aa^Fpa      , Aa^Fpa      , Gg          , Gg          , Gg          , Gg          , Gg          , Gg^Gvs      , Gg^Gvs      , Chr         , Gg          , Rp          , Gg^Gvs      , Gg          , Chr         , Gg          , Gg^Es       , Gg^Gvs      , Gg^Gvs      , Re^Gvs      , Re^Gvs      , Re          , Re          , Re          , Ww          , Ww          , Re          , Re          , Re          , Gg          , Gg          , Gs^Fp       , Gg          , Gg          , Gg          , Gg          , Re          
Aa^Fpa      , Aa^Fpa      , Aa^Fpa      , Aa^Fpa      , Aa^Fpa      , Ms          , Ms^Xm       , Ms^Xm       , Ms^Xm       , Ms^Xm       , Ha          , Aa^Fpa      , Aa^Fpa      , Aa^Fpa      , Aa^Fpa      , Aa^Fpa      , Gg          , Gg          , Gg          , Gg          , Gg^Es       , Gg          , Rp          , Chr         , 3 Khr       , Chr         , Rp          , Gg^Gvs      , Gg          , Chr         , Gg          , Gg          , Re          , Re          , Re^Es       , Re          , Re          , Re          , Chr         , Ww          , Ww^Bw/      , Re          , Re^Gvs      , Gg          , Re^Gvs      , Hh          , Mm          , Gs^Fp       , Gs^Fp       , Aa^Fpa      , Aa^Fpa      , Aa^Fpa      
Aa^Fpa      , Aa^Fpa      , Aa^Fpa      , Aa^Fpa      , Aa^Fpa      , Ms          , Ms^Xm       , Ms^Xm       , Ms^Xm       , Ha          , Aa^Fpa      , Aa^Fpa      , Aa^Fpa      , Aa^Fpa      , Gg          , Gg          , Gg          , Gg          , Gg          , Gg          , Gg          , Gg          , Rp          , Chr         , Chr         , Chr         , Gg^Gvs      , Gg^Gvs      , Re^Gvs      , Gg          , Re          , Re          , Re          , Re          , Re          , Re          , Re          , Re          , Re          , Ww^Bw/      , Ww          , Ww          , Re^Gvs      , Re^Gvs      , Gg^Vh       , Hh          , Mm          , Gs^Fp       , Gs^Fp       , Gs^Fp       , Gs^Fp       , Aa^Fpa      
Aa^Fpa      , Aa^Fpa      , Aa^Fpa      , Aa^Fpa      , Aa^Fpa      , Ms          , Ms^Xm       , Ms^Xm       , Aa^Fpa      , Aa^Fpa      , Aa^Fpa      , Aa^Fpa      , Aa^Fpa      , Aa^Fpa      , Aa^Fpa      , Gg          , Gs^Fp       , Gg          , Gs^Fp       , Gg          , Gs^Fp       , Gg          , Gg          , Rp          , Re^Gvs      , Rp          , Re^Gvs      , Re^Gvs      , Re^Gvs      , Gg^Vh       , Re          , Re          , Re          , Re          , Re          , Re          , Gg          , Gg          , Gg          , Gg          , Ww          , Ww          , Re^Gvs      , Re^Gvs      , Gs^Fp       , Gs^Fp       , Mm          , Gs^Fp       , Gs^Fp       , Gs^Fp       , Gs^Fp       , Gs^Fp       
Aa^Fpa      , Aa^Fpa      , Aa^Fpa      , Aa^Fpa      , Aa^Fpa      , Ms          , Ms^Xm       , Aa^Fpa      , Aa^Fpa      , Aa^Fpa      , Aa^Fpa      , Aa^Fpa      , Aa^Fpa      , Aa^Fpa      , Gs^Fp       , Gs^Fp       , Gs^Fp       , Gs^Fp       , Gs^Fp       , Gs^Fp       , Gs^Fp       , Gs^Fp       , Gg          , Gg          , Re^Gvs      , Re^Gvs      , Re^Gvs      , Re^Gvs      , Re          , Re          , Re          , Re          , Re          , Re          , Re^Gvs      , Gg          , Gg^Gvs      , Gg          , Gg          , Gg          , Ww          , Ww          , Gg          , Gs^Fp       , Gs^Fp       , Gs^Fp       , Mm          , Gg          , Re^Gvs      , Gs^Fp       , Re^Gvs      , Re^Gvs      
Gs^Fp       , Aa^Fpa      , Gs^Fp       , Aa^Fpa      , Ms          , Ms          , Ms^Xm       , Aa^Fpa      , Aa^Fpa      , Aa^Fpa      , Aa^Fpa      , Aa^Fpa      , Aa^Fpa      , Aa^Fpa      , Gs^Fp       , Gs^Fp       , Gs^Fp       , Gs^Fp       , Gs^Fp       , Gs^Fp       , Gs^Fp       , Gs^Fp       , Gg          , Chr         , Gg          , Chr         , Gg          , Re^Gvs      , Re          , Re^Es       , Re          , Re          , Re^Gvs      , Re^Gvs      , Re^Gvs      , Re^Gvs      , Re^Gvs      , Gg^Gvs      , Gg          , Gg          , Ww          , Ww          , Ds          , Gg          , Gg          , Hh          , Mm          , Re^Gvs      , Re^Gvs      , Re^Gvs      , Re^Gvs      , Gs^Fp       
Gs^Fp       , Gs^Fp       , Gs^Fp       , Gs^Fp       , Ms^Xm       , Ms^Xm       , Ms^Xm       , Aa^Fpa      , Aa^Fpa      , Aa^Fpa      , Aa^Fpa      , Aa^Fpa      , Aa^Fpa      , Aa^Fpa      , Gs^Fp       , Gs^Fp       , Gs^Fp       , Gs^Fp       , Gs^Fp       , Gs^Fp       , Gs^Fp       , Gs^Fp       , Gs^Fp       , Gg          , Gs^Fp       , Gg          , Gg          , Gg          , Re          , Re          , Re          , Gg^Vh       , Re^Gvs      , Re^Gvs      , Gg^Gvs      , Re^Gvs      , Re^Gvs      , Re^Gvs      , Ds          , Ds          , Ww          , Ww          , Ds          , Gg          , Mm          , Mm          , Mm          , Gs^Fp       , Re^Gvs      , Re^Gvs      , Gs^Vht      , Gs^Fp       
Gs^Fp       , Gs^Fp       , Gs^Fp       , Ms^Xm       , Ms^Xm       , Ms^Xm       , Mm          , Mm          , Mm          , Aa^Fpa      , Aa^Fpa      , Aa^Fpa      , Gs^Fp       , Gs^Fp       , Gs^Fp       , Gs^Fp       , Gs^Fp       , Gs^Fp       , Gs^Fp       , Gs^Fp       , Gs^Fp       , Gs^Fp       , Gs^Fp       , Gs^Fp       , Gs^Fp       , Gs^Fp       , Gs^Fp       , Gs^Fp       , Re          , Re          , Re          , Re^Gvs      , Gs^Fp       , Gg          , Gg          , Re^Gvs      , Re^Gvs      , Gg^Vh       , Ds          , Ww          , Ww          , Ww          , Mm          , Mm          , Mm          , Mm          , Mm          , Gs^Fp       , Gs^Fp       , Re^Gvs      , Gs^Fp       , Gs^Fp       
Gs^Fp       , Gs^Fp       , Mm          , Mm          , Mm          , Mm^Xm       , Mm          , Mm          , Mm          , Aa^Fpa      , Aa^Fpa      , Aa^Fpa      , Gs^Fp       , Gs^Fp       , Gs^Fp       , Gs^Fp       , Gs^Fp       , Gs^Fp       , Gs^Fp       , Gs^Fp       , Gs^Fp       , Gs^Fp       , Gs^Fp       , Gs^Fp       , Gs^Fp       , Gg          , Gg          , Gg          , Re          , Re          , Re          , Gs^Fp       , Gg          , Gs^Fp       , Gs^Fp       , Gg          , Gg          , Ds          , Ww          , Ww          , Ww          , Ds          , Mm          , Mm          , Mm          , Mm          , Mm          , Gs^Fp       , Gs^Fp       , Gs^Fp       , Gs^Fp       , Gs^Fp       
Mm          , Gs^Fp       , Mm          , Mm          , Mm          , Mm^Xm       , Mm^Xm       , Mm          , Aa^Fpa      , Aa^Fpa      , Aa^Fpa      , Gs^Fp       , Gs^Fp       , Gs^Fp       , Gs^Fp       , Gs^Fp       , Gs^Fp       , Gs^Fp       , Gs^Fp       , Gs^Fp       , Gs^Fp       , Gs^Fp       , Gg          , Gg          , Gg^Fet      , Gg          , Gg          , Gg          , Re          , Re          , Re          , Gs^Fp       , Gs^Fp       , Gs^Fp       , Gs^Fp       , Gs^Fp       , Gs^Fp       , Ds          , Ww          , Ww          , Ww          , Ds          , Mm          , Mm          , Mm          , Mm          , Mm          , Gs^Fp       , Gs^Fp       , Gs^Fp       , Gs^Fp       , Gs^Fp       
Mm          , Mm          , Mm^Xm       , Mm          , Mm^Xm       , Mm^Xm       , Mm^Xm       , Gs^Fp       , Gs^Fp       , Aa^Fpa      , Gs^Fp       , Gs^Fp       , Gs^Fp       , Gs^Fp       , Gs^Fp       , Gs^Fp       , Gs^Fp       , Gs^Fp       , Gs^Fp       , Gs^Fp       , Gs^Fp       , Gg          , Gg          , Gg          , Gs^Fp       , Gg          , Gg          , Gg          , Re          , Re          , Re          , Gg          , Gs^Fp       , Gs^Fp       , Gd          , Gs^Fp       , Gs^Fp       , Ds          , Ds          , Ww          , Ww          , Ds          , Ds          , Mm          , Hh          , Mm          , Mm          , Gs^Fp       , Gs^Fp       , Gs^Fp       , Gs^Fp       , Gs^Fp       
Mm          , Mm          , Mm^Xm       , Mm^Xm       , Mm^Xm       , Mm^Xm       , Gs^Fp       , Gs^Fp       , Gs^Fp       , Gs^Fp       , Gs^Fp       , Gs^Fp       , Gs^Fp       , Gs^Fp       , Gs^Fp       , Gs^Fp       , Gs^Fp       , Gg^Ve       , Gs^Fp       , Gs^Fp       , Gs^Fp       , Gg^Ve       , Gg^Fet      , Gg          , Gd          , Gs^Fp       , Gs^Fp       , Gs^Fp       , Re          , Re          , Re          , Gs^Fp       , Gg          , Gs^Fp       , Gg^Ve       , Gd          , Gs^Fp       , Gg          , Ds          , Ww          , Ww          , Ww          , Ds          , Gs          , Hh          , Hh          , Mm          , Gs^Fp       , Gs^Fp       , Gs^Fp       , Gs^Fp       , Gs^Fp       
Mm          , Mm          , Mm^Xm       , Mm^Xm       , Mm^Xm       , Mm^Xm       , Gs^Fp       , Gs^Fp       , Gs^Fp       , Gs^Fp       , Gs^Fp       , Gs^Fp       , Gs^Fp       , Gs^Fp       , Gs^Fp       , Gs^Fp       , Gs^Fp       , Gs^Fp       , Gs^Fp       , Gs^Fp       , Gs^Fp       , Gs^Fp       , Gs^Fp       , Gd          , Gs^Fp       , Gd          , Gs^Fp       , Gs^Fp       , Re          , Re          , Re^Es       , Re          , Re          , Gg          , Gs^Fp       , Gg^Fet      , Gs^Fp       , Gs^Fp       , Gs^Fp       , Ds          , Ww          , Ww          , Ds          , Gs          , Hh          , Mm          , Mm          , Gs^Fp       , Gs^Fp       , Gs^Fp       , Gs^Fp       , Gs^Fp       
Mm          , Mm          , Mm^Xm       , Mm^Xm       , Mm^Xm       , Mm^Xm       , Gs^Fp       , Gs^Fp       , Gs^Fp       , Gs^Fp       , Gs^Fp       , Gs^Fp       , Gs^Fp       , Gs^Fp       , Gs^Fp       , Gs^Fp       , Gs^Fp       , Gs^Fp       , Gs^Fp       , Gs^Fp       , Gs^Fp       , Gs^Fp       , Gs^Fp       , Gs^Fp       , Gs^Fp       , Gs^Fp       , Gs^Fp       , Gs^Fp       , Gs^Fp       , Re          , Re          , Re          , Re          , Re          , Gs^Fp       , Gs^Fp       , Gs^Fp       , Gs^Fp       , Gs^Fp       , Ds          , Ww          , Ww          , Ds          , Gs          , Hh          , Mm          , Mm          , Mm          , Mm          , Mm          , Mm          , Gg          
Mm          , Mm          , Mm          , Mm^Xm       , Mm^Xm       , Mm^Xm       , Gs^Fp       , Gs^Fp       , Gs^Fp       , Gs^Fp       , Gs^Fp       , Gg^Ve       , Gs^Fp       , Gs^Fp       , Gs^Fp       , Gs^Fp       , Gs^Fp       , Gs^Fp       , Gs^Fp       , Gs^Fp       , Gs^Fp       , Cv          , Gs^Fp       , Gs^Fp       , Gs^Fp       , Cv          , Gs^Fp       , Gs^Fp       , Gs^Fp       , Cv          , Re          , Re          , Re          , Cv          , Re          , Gs^Fp       , Gs^Fp       , Cv          , Gs          , Ds          , Ww          , Ww          , Ds          , Gs          , Hh          , Hh          , Mm          , Mm          , Mm^Xm       , Mm          , Mm          , Gg          
Mm          , Mm          , Mm          , Mm^Xm       , Mm^Xm       , Mm^Xm       , Mm          , Gs^Fp       , Gs^Fp       , Gs^Fp       , Gs^Fp       , Gs^Fp       , Gs^Fp       , Gs^Fp       , Gs^Fp       , Gs^Fp       , Gs^Fp       , Gs^Fp       , Gs^Fp       , Gs^Fp       , Gs^Fp       , Gs^Fp       , Gs^Fp       , Gs^Fp       , Gs^Fp       , Gs^Fp       , Gs^Fp       , Gs^Fp       , Gs^Fp       , Gs^Fp       , Gs^Fp       , Re          , Re          , Re          , Re          , Re          , Gs^Fp       , Gs^Fp       , Gs          , Ds          , Ww          , Ww          , Ds          , Gs          , Gs^Fp       , Gs^Fp       , Mm          , Mm^Xm       , Mm^Xm       , Mm^Xm       , Mm          , Mm          
Mm          , Mm          , Mm          , Mm^Xm       , Mm^Xm       , Mm          , Mm          , Mm          , Gs^Fp       , Gs^Fp       , Gs^Fp       , Gs^Fp       , Gs^Fp       , Gs^Fp       , Gs^Fp       , Gs^Fp       , Gs^Fp       , Cv          , Gs^Fp       , Gs^Fp       , Gs^Fp       , Gs^Fp       , Gs^Fp       , Gs^Fp       , Gs^Fp       , Gs^Fp       , Gg^Fet      , Gs^Fp       , Gs^Fp       , Gs^Fp       , Gs^Fp       , Gs^Fp       , Gs^Fp       , Re          , Re          , Re          , Re          , Gs^Fp       , Gs          , Ds          , Ww          , Ww          , Ds          , Gs          , Gs          , Gs^Fp       , Mm          , Mm^Xm       , Mm^Xm       , Mm^Xm       , Mm^Xm       , Mm          
Mm          , Mm          , Mm          , Mm^Xm       , Mm^Xm       , Mm          , Mm          , Mm          , Gs^Fp       , Gs^Fp       , Gs^Fp       , Gs^Fp       , Gs^Fp       , Gs^Fp       , Gs^Fp       , Gs^Fp       , Gs^Fp       , Gs^Fp       , Gs^Fp       , Gs^Fp       , Gs^Fp       , Gg^Fet      , Gs^Fp       , Gs^Fp       , Gs^Fp       , Gs^Fp       , Gs^Fp       , Gs^Fp       , Gs^Fp       , Gs^Fp       , Gg^Fet      , Gs^Fp       , Gs^Fp       , Gg^Ve       , Re          , Re          , Re          , Gs^Fp       , Gs          , Ds          , Ww          , Ww          , Ww          , Ds          , Gs^Ft       , Gs^Fp       , Mm          , Mm^Xm       , Mm^Xm       , Mm^Xm       , Mm^Xm       , Mm^Xm       
Mm          , Mm          , Mm          , Mm          , Mm^Xm       , Mm^Xm       , Mm          , Mm          , Mm          , Gs^Fp       , Gs^Fp       , Gs^Fp       , Gs^Fp       , Gs^Fp       , Cv          , Gs^Fp       , Gs^Fp       , Gs^Fp       , Gs^Fp       , Gs^Fp       , Gs^Fp       , Gs^Fp       , Gs^Fp       , Gs^Fp       , Gs^Fp       , Gs^Fp       , Gs^Fp       , Gs^Fp       , Gs^Fp       , Gs^Fp       , Gs^Fp       , Gs^Fp       , Gs^Fp       , Gs^Fp       , Re          , Re          , Re          , Gs^Fp       , Gs          , Ds          , Ww          , Ww          , Ww          , Ds          , Gs          , Gs^Fp       , Mm          , Mm^Xm       , Mm^Xm       , Mm^Xm       , Mm^Xm       , Mm^Xm       
Mm          , Mm          , Mm          , Mm          , Mm^Xm       , Mm^Xm       , Mm          , Mm          , Mm          , Gs^Fp       , Gs^Fp       , Gs^Fp       , Gs^Fp       , Gs^Fp       , Gs^Fp       , Gs^Fp       , Gs^Fp       , Gs^Fp       , Gs^Fp       , Gs^Fp       , Gs^Fp       , Gs^Fp       , Gs^Fp       , Gs^Fp       , Cv          , Cv          , Cv          , Gs^Fp       , Gs^Fp       , Gs^Fp       , Gs^Fp       , Gs^Fp       , Gs^Fp       , Gs^Fp       , Re          , Re          , Re          , Gs^Fp       , Gs^Ft       , Ds          , Ww          , Ww          , Ww          , Ds          , Gs          , Hh          , Mm          , Mm^Xm       , Mm^Xm       , Mm^Xm       , Mm^Xm       , Mm^Xm       
Mm          , Mm          , Mm          , Mm          , Mm^Xm       , Mm^Xm       , Mm^Xm       , Mm          , Mm^Xm       , Gs^Fp       , Mm^Xm       , Gs^Fp       , Mm^Xm       , Gs^Fp       , Gs^Fp       , Gs^Fp       , Gs^Fp       , Gs^Fp       , Gs^Fp       , Gs^Fp       , Gs^Fp       , Gs^Fp       , Gs^Fp       , Gs^Fp       , Gs^Fp       , 4 Kv        , Gd          , Gd          , Gd          , Gs^Fp       , Gs^Fp       , Gs^Fp       , Gs^Fp       , Gs^Fp       , Re          , Re          , Re          , Gs^Fp       , Gs^Fp       , Gs          , Gs^Ft       , Ww          , Ww          , Ds          , Gs          , Hh          , Mm^Xm       , Mm^Xm       , Mm^Xm       , Mm^Xm       , Mm^Xm       , Mm^Xm       
Mm          , Mm          , Mm          , Mm          , Mm^Xm       , Mm^Xm       , Mm^Xm       , Mm^Xm       , Mm^Xm       , Mm^Xm       , Mm^Xm       , Mm^Xm       , Mm^Xm       , Mm^Xm       , Mm          , Mm          , Mm          , Gs^Fp       , Gs^Fp       , Gs^Fp       , Gs^Fp       , Gs^Fp       , Gg^Fet      , Gs^Fp       , Gs^Fp       , Gs^Fp       , Gg^Ve       , Gd          , Gd          , Gg^Ve       , Gs^Fp       , Gs^Ft       , Gs^Fp       , Gs^Fp       , Re          , Re          , Re          , Gs^Fp       , Gs^Fp       , Gs          , Ds          , Ww          , Ww          , Ds          , Gs^Ft       , Hh          , Mm^Xm       , Mm^Xm       , Mm^Xm       , Mm^Xm       , Mm^Xm       , Mm^Xm       
Mm          , Mm          , Mm          , Mm          , Mm^Xm       , Mm^Xm       , Mm^Xm       , Mm^Xm       , Mm^Xm       , Mm^Xm       , Mm^Xm       , Mm^Xm       , Mm^Xm       , Mm^Xm       , Mm          , Mm          , Mm          , Gs^Fp       , Gs^Fp       , Gs^Fp       , Gs^Ft       , Gs^Fp       , Gs^Fp       , Gs^Fp       , Gs^Fp       , Gs^Fp       , Gs^Fp       , Gs^Fp       , Gs^Fp       , Gs^Fp       , Gs^Fp       , Gs^Fp       , Gs^Fp       , Gs^Fp       , Re          , Re          , Re          , Gg^Fet      , Gs^Fp       , Gs          , Ds          , Ww          , Ww          , Ds          , Gs          , Hh          , Mm          , Mm^Xm       , Mm^Xm       , Mm^Xm       , Mm^Xm       , Mm^Xm       
