border_size=1
usage=map

Xu          , Xu          , Xu          , Xu          , Uh^Ii       , Aa          , Uu^Ii       , Aa          , Xu          , Xu          , Xu          , Xu          , Xu          , Xu          , Xu          , Xu          , Xu          , Xu          , Xu          , Xu          , Xu          , Xu          , Xu          , Xu          , Xu          , Xu          , Xu          , Xu          , Xu          , Xu          , Xu          , Xu          , Xu          , Xu          , Xu          , Xu          , Xu          , Xu          , Xu          , Xu          , Xu          , Xu          , Xu          , Xu          , Xu          , Xu          , Xu          , Xu          , Xu          , Xu          , Xu          , Xu          , Xu          , Xu          , Xu          , Xu          , Xu          , Xu          , Xu          , Xu          , Xu          , Xu          , Xu          , Xu          , Wwg         , Wwg         , Wwg         
Xu          , Xu          , Xu          , Xu          , Xu          , Uh^Ii       , Uu^Ii       , Uh^Ii       , Xu          , Xu          , Xu          , Xu          , Xu          , Xu          , Xu          , Xu          , Xu          , Xu          , Xu          , Xu          , Xu          , Xu          , Xu          , Xu          , Xu          , Xu          , Xu          , Xu          , Xu          , Xu          , Xu          , Xu          , Xu          , Xu          , Xu          , Xu          , Xu          , Xu          , Xu          , Xu          , Xu          , Xu          , Xu          , Xu          , Xu          , Xu          , Xu          , Xu          , Xu          , Xu          , Xu          , Xu          , Xu          , Xu          , Xu          , Xu          , Xu          , Xu          , Xu          , Xu          , Xu          , Xu          , Xu          , Xu          , Wwg         , Wwg         , Wog         
Xu          , Xu          , Xu          , Xu          , Xu          , Xu          , Xu          , Uu^Ii       , Ur          , Xu          , Uu          , Xu          , Uu          , Xu          , Uu          , Xu          , Uu          , Xu          , Uu          , Uu^Uf       , Uu^Uf       , Xu          , Xu          , Xu          , Xu          , Xu          , Xu          , Xu          , Xu          , Xu          , Xu          , Xu          , Xu          , Xu          , Xu          , Xu          , Xu          , Xu          , Xu          , Xu          , Xu          , Xu          , Xu          , Xu          , Xu          , Xu          , Xu          , Xu          , Xu          , Xu          , Xu          , Xu          , Uu          , Uu          , 1 Uu        , Uu          , Uu          , Uu          , Uu          , Uu          , Ds          , Ds          , Wwg         , Wwg         , Wog         , Wog         , Wog         
Xu          , Xu          , Xu          , Xu          , Xu          , Xu          , Xu          , Xu          , Uu          , Ur          , Uu          , Uu          , Uu          , Uu          , Uu          , Uu          , Uu          , Uu          , Uu          , Uu          , Uu          , Uu^Uf       , Xu          , Xu          , Xu          , Xu          , Xu          , Xu          , Xu          , Xu          , Xu          , Xu          , Xu          , Xu          , Xu          , Xu          , Xu          , Xu          , Xu          , Xu          , Xu          , Xu          , Xu          , Xu          , Xu          , Xu          , Xu          , Xu          , Xu          , Xu          , Xu          , Uu          , Uu          , Uu          , Ur          , Uu          , Uu          , Uu          , Uu          , Ds          , Ds          , Wwg         , Wwg         , Wwg         , Wog         , Wog         , Wog         
Xu          , Xu          , Xu          , Xu          , Uu^Uf       , Uu^Uf       , Uu          , Uu          , Ur          , Uu          , Uu          , Uu          , Uu          , Uu          , Uu          , Uu          , Uu          , Uu          , Ds          , Uu          , Uu          , Uu          , Uu          , Xu          , Xu          , Xu          , Xu          , Xu          , Xu          , Xu          , Xu          , Xu          , Xu          , Xu          , Xu          , Xu          , Xu          , Xu          , Xu          , Xu          , Xu          , Xu          , Xu          , Xu          , Xu          , Xu          , Xu          , Xu          , Xu          , Xu          , Uu          , Uu          , Uu          , Uu          , Uu          , Uu          , Uu          , Uu          , Ds          , Ds          , Wwg         , Wwg         , Wwg         , Wog         , Wog         , Wog         , Wog         
Xu          , Xu          , Uu^Uf       , Uu^Uf       , Uu^Uf       , Uu^Uf       , Uu          , Uu          , Uu          , Ur          , Ds          , Ds          , Ds          , Uu          , Ds          , Uu          , Ds          , Ds          , Ds          , Ds          , Ds          , Uu          , Ds          , Uu          , Ds          , Xu          , Xu          , Xu          , Xu          , Xu          , Xu          , Xu          , Xu          , Xu          , Xu          , Xu          , Xu          , Xu          , Xu          , Xu          , Xu          , Xu          , Xu          , Xu          , Xu          , Xu          , Xu          , Xu          , Xu          , Xu          , Uu          , Uu          , Ur          , Uu          , Uu          , Uu          , Ds          , Ds          , Ds          , Wwg         , Wwg         , Wwg         , Wwg         , Wog         , Wog         , Wog         , Wog         
Xu          , Xu          , Uu^Uf       , Uu          , Uu          , Uu          , Ds          , Ds          , Ds          , Ds          , Wwg         , Wwg         , Wwg         , Ds          , Wwg         , Ds          , Ds          , Ds          , Wwg         , Wwg         , Wwg         , Ds          , Wwg         , Ds          , Wwg         , Ds          , Wwg         , Xu          , Wog         , Xu          , Xu          , Xu          , Xu          , Xu          , Xu          , Xu          , Xu          , Xu          , Xu          , Xu          , Xu          , Xu          , Xu          , Xu          , Xu          , Xu          , Xu          , Xu          , Uu          , Uu          , Uu          , Uu          , Ur          , Uu^Es       , Uu          , Uu          , Ds          , Wwg         , Wwg         , Wwg         , Wwg         , Wwg         , Wog         , Wog         , Wog         , Wog         , Wog         
Qxu         , Uu^Uf       , Uu          , Uu          , Uu          , Ds          , Ds          , Ds          , Wwg         , Wwg         , Wwf         , Wwg         , Wwf         , Wwf         , Wwg         , Wwg         , Wwg         , Wwg         , Wwg         , Wog         , Wog         , Wwg         , Wog         , Wwg         , Wog         , Wwg         , Wog         , Wog         , Wog         , Wog         , Wog         , Wog         , Wog         , Xu          , Xu          , Xu          , Xu          , Xu          , Xu          , Xu          , Xu          , Xu          , Uu          , Uu          , Uu          , Uu          , Uu          , Uu          , Uu          , Uu          , Ur^Es       , Ur          , Uu          , Uu          , Uu          , Ds          , Wwg         , Wwg         , Wwg         , Wwg         , Wwg         , Wwg         , Wog         , Wog         , Wog         , Wog         , Wog         
Qxu         , Qxu         , Qxu         , Uu          , Ds          , Ds          , Wwg         , Wwg         , Wwg         , Wwf         , Wwf         , Wwf         , Wwf         , Wwf         , Wwg         , Wwg         , Wwg         , Wwg         , Ds          , Wwg         , Wwg         , Wog         , Wwg         , Wog         , Wwg         , Wog         , Wwg         , Wog         , Wwg         , Wog         , Wog         , Wog         , Wog         , Wog         , Wog         , Wog         , Wog         , Xu          , Xu          , Xu          , Ds          , Uu          , Uu          , Uu          , Uu          , Uu^Dr       , Uu          , Ur          , Ur          , Uu^Es       , Uu          , Ur          , Ur          , Uu          , Uu          , Ds          , Ds          , Wwg         , Wwg         , Wwg         , Wwg         , Wog         , Wog         , Wog         , Wog         , Wog         , Wog         
Qxu         , Qxu         , Qxu         , Wwg         , Wwg         , Wwg         , Wwg         , Wwg         , Wwg         , Wwf         , Ds          , Ds          , Ds          , Ds          , Ds          , Wwg         , Ds          , Ds          , Uu          , Ds          , Ds          , Wwg         , Xu          , Wwg         , Ds          , Wwg         , Ds          , Wwg         , Ds          , Wwg         , Wwg         , Wog         , Wog         , Wog         , Wog         , Wog         , Wog         , Xu          , Wwg         , Ds          , Ds          , Uu          , Uu          , Uu          , Uu          , Uu          , Ur          , Uu          , Ur          , Uu          , Xu          , Uu          , Ds          , Ds          , Ds          , Ds          , Wwg         , Wwg         , Wwg         , Wwg         , Wog         , Wog         , Wog         , Wog         , Wog         , Wog         , Wog         
Qxu         , Qxu         , Qxu         , Wwf         , Wwg         , Wwg         , Wwg         , Wwg         , Ds          , Ds          , Uu          , Ur          , Ur          , Uu          , Uu          , Ds          , Uu          , Uu          , Uu          , Uu          , Uu          , Xu          , Xu          , Xu          , Uu          , Ds          , Uu          , Ds          , Uu          , Ds          , Ds          , Ds          , Uu^Uf       , Wog         , Wog         , Wog         , Wog         , Wog         , Wwg         , Wwg         , Wwg         , Ds          , Ds          , Ds          , Ds          , Ds          , Ds          , Ds          , Ds          , Xu          , Xu          , Xu          , Wog         , Wwg         , Wwg         , Wwg         , Wwg         , Wwg         , Wog         , Wog         , Wog         , Wog         , Wog         , Wog         , Wog         , Wog         , Wog         
Qxu         , Qxu         , Qxu         , Qxu         , Qxu         , Wwg         , Ds          , Ds          , Uu          , Uu          , Uu^Uf       , Uu^Uf       , Uu          , Ur          , Uu          , Uu          , Uu          , Uu          , Uu          , Uu          , Uu          , Xu          , Xu          , Xu          , Uu          , Uu          , Uu          , Uu          , Uu          , Uu          , Uu^Uf       , Uu^Uf       , Wwg         , Wwg         , Wog         , Wog         , Wog         , Wog         , Wog         , Wwg         , Wwg         , Ds          , Wwg         , Wwg         , Wwg         , Wwg         , Wwg         , Wwg         , Wwg         , Xu          , Xu          , Wog         , Wog         , Wog         , Wog         , Wog         , Wog         , Wog         , Wog         , Wog         , Wog         , Wog         , Wog         , Wog         , Wog         , Wog         , Wog         
Qxu         , Qxu         , Qxu         , Qxu         , Qxu         , Qxu         , Uu          , Uu          , Uu          , Uu          , Uu^Uf       , Uu          , Ur          , Ur          , Uu          , Ur          , Ur          , Uu^Dr       , Uu          , Uu          , Uu          , Uu          , Uu          , Uu^Uf       , Uu          , Uu          , Ur          , Uu          , Uu          , Uu          , Ds          , Wwg         , Wog         , Wog         , Wwg         , Wog         , Wwg         , Wog         , Wwg         , Wog         , Wog         , Wwg         , Wwg         , Wwg         , Wog         , Wwg         , Wog         , Wwg         , Wwf         , Wwg         , Wwg         , Wog         , Wog         , Wog         , Wog         , Wog         , Wog         , Wog         , Wog         , Wog         , Wog         , Wog         , Wog         , Wog         , Wog         , Wog         , Wog         
Qxu         , Qxu         , Qxu         , Qxu         , Qxu         , Uu          , Uu          , Uu^Uf       , Uu^Uf       , Ur          , Uu^Uf       , Uu^Uf       , Uu^Uf       , Uu          , Uu          , Uu          , Uu          , Ur          , Ur          , Uu          , Uu          , Uu          , Ds          , Uu          , Uu          , Ur          , Uu          , Ur          , Ur          , Ds          , Wwg         , Wog         , Wog         , Wog         , Ds          , Wwg         , Ds          , Wwg         , Wwg         , Wwg         , Wwg         , Wog         , Wog         , Wog         , Wog         , Wog         , Wwg         , Wwg         , Wwf         , Wwg         , Wwg         , Wog         , Wog         , Wog         , Wog         , Wog         , Wog         , Wog         , Wog         , Wog         , Wog         , Wog         , Wog         , Wog         , Wog         , Wog         , Wog         
Qxu         , Qxu         , Qxu         , Qxu         , Wwg         , Uu          , Uu          , Uu          , Uu          , Uu          , Uu          , Uu          , Uu          , Uu          , Xu          , Xu          , Xu          , Ur          , Ur          , Uu          , Ds          , Ds          , Wwg         , Ds          , Ds          , Uu          , Uu          , Uu          , Ds          , Ds          , Wwg         , Wog         , Wwg         , Wwg         , Ds          , Ds          , Ds          , Wwg         , Wwg         , Wwg         , Ds          , Wwg         , Wwg         , Wog         , Wog         , Wwg         , Ds          , Wwg         , Wwg         , Wwf         , Wwg         , Wwg         , Wwg         , Wog         , Wog         , Wog         , Wog         , Wog         , Wog         , Wog         , Wog         , Wog         , Wog         , Wog         , Wog         , Wog         , Wog         
Qxu         , Qxu         , Qxu         , Wwg         , Wwg         , Ds          , Ds          , Ds          , Ds          , Ds          , Ds          , Ds          , Ds          , Uu          , Xu          , Xu          , Xu          , Ds          , Ds          , Ds          , Wwg         , Wwg         , Wog         , Wwg         , Ds          , Uu          , Ds          , Ds          , Ds          , Ds          , Wog         , Wog         , Wwg         , Ds          , Uu          , Uu          , Xu          , Xu          , Xu          , Ds          , Wwg         , Wwg         , Wog         , Wog         , Wog         , Wwg         , Wwg         , Wwg         , Wwg         , Wwg         , Ds          , Ds          , Wwg         , Wwg         , Wog         , Wog         , Wog         , Wog         , Wog         , Wog         , Wog         , Wog         , Wog         , Wog         , Wog         , Wog         , Wwg         
Qxu         , Qxu         , Qxu         , Wwg         , Wwf         , Wwg         , Wwg         , Wwg         , Wwg         , Wwg         , Wwg         , Ds          , Wwg         , Ds          , Wwg         , Xu          , Wwg         , Wwg         , Wwg         , Wwg         , Wwg         , Wog         , Wwg         , Wwg         , Ds          , Ds          , Wwg         , Wwg         , Wog         , Wog         , Wwg         , Wwg         , Wwg         , Uu^Uf       , Ur          , Ur          , Xu          , Xu          , Xu          , Wwg         , Wwg         , Wog         , Wwg         , Wwg         , Wwg         , Wog         , Wwg         , Wwg         , Wwg         , Ds          , Ds          , Wwg         , Wwg         , Wwg         , Wog         , Wog         , Wog         , Wog         , Wog         , Wog         , Wwg         , Wog         , Wwg         , Wwg         , Wwg         , Wwg         , Wwg         
Qxu         , Qxu         , Wwg         , Wwg         , Wwf         , Wwg         , Wwg         , Wwg         , Wog         , Wwg         , Wog         , Wwg         , Wog         , Wwg         , Wog         , Wwg         , Wwg         , Wwg         , Wwg         , Wwg         , Wog         , Wog         , Wwg         , Ds          , Wwg         , Wwg         , Wog         , Wog         , Wwg         , Ds          , Ds          , Wwg         , Ds          , Uu^Uf       , Ur          , Uu          , Ds          , Xu          , Ds          , Wwg         , Wwg         , Wog         , Wwg         , Ds          , Wwg         , Wwg         , Wwg         , Wwg         , Ds          , Ds          , Wwg         , Wwg         , Wog         , Wog         , Wog         , Wog         , Wog         , Wog         , Wwg         , Wwg         , Wwg         , Wwg         , Ds          , Wwg         , Wwg         , Wwg         , Xu          
Qxu         , Qxu         , Qxu         , Wwg         , Wwg         , Wwg         , Wwg         , Wwf         , Wog         , Wog         , Wog         , Wog         , Wog         , Wog         , Wog         , Wog         , Wog         , Wwg         , Wwg         , Wwg         , Wwg         , Wog         , Wog         , Wwg         , Wog         , Wog         , Wwg         , Wwg         , Ds          , Ds          , Wwg         , Ds          , Ds          , Uu^Uf       , Uu^Uf       , Uu          , Ds          , Ds          , Wwg         , Ds          , Ds          , Wwg         , Wog         , Wwg         , Wwg         , Wwg         , Wwg         , Ds          , Ds          , Wwg         , Wwg         , Wwg         , Wog         , Wog         , Wog         , Wog         , Wog         , Wwg         , Wwg         , Wwg         , Ds          , Ds          , Ds          , Wwg         , Wwg         , Xu          , Xu          
Qxu         , Qxu         , Qxu         , Qxu         , Wog         , Wog         , Wog         , Wwg         , Wwf         , Wog         , Wog         , Wog         , Wog         , Wog         , Wog         , Wog         , Wog         , Wwf         , Wwf         , Ds          , Wwg         , Wog         , Wwg         , Wog         , Wwg         , Wwg         , Ds          , Ds          , Ds          , Wwg         , Ww^Vm       , Wwg         , Ds          , Uu^Uf       , Uu^Uf       , Uu          , Ds          , Wwg         , Wwg         , Wwg         , Ds          , Wwg         , Wwf         , Wwg         , Wwg         , Wwg         , Ds          , Ds          , Ds          , Wwg         , Wog         , Wog         , Wog         , Wog         , Wog         , Wog         , Wog         , Wwg         , Wwg         , Ds          , Uu          , Uu          , Ds          , Wwg         , Wwg         , Xu          , Xu          
Qxu         , Qxu         , Qxu         , Qxu         , Wog         , Wog         , Wog         , Wwg         , Wwf         , Wog         , Wog         , Wog         , Wog         , Wog         , Wog         , Wog         , Wog         , Wog         , Wog         , Wwf         , Wwf         , Wwg         , Ds          , Wog         , Ds          , Ds          , Ds          , Uu^Uf       , Ds          , Wwg         , Wwg         , Wwg         , Ds          , Uu^Uf       , Uu^Uf       , Uu          , Ds          , Wwg         , Wwg         , Wwg         , Ww^Vm       , Wwg         , Wwf         , Wwg         , Ds          , Ds          , Uu          , Ur          , Ds          , Wwg         , Wog         , Wog         , Wog         , Wog         , Wog         , Wog         , Wog         , Wwg         , Ds          , Ds          , Ds          , Ds          , Wwg         , Wwg         , Wwg         , Xu          , Xu          
Qxu         , Qxu         , Wwg         , Wwg         , Wwg         , Wwg         , Wwg         , Wwf         , Wwg         , Wog         , Wwg         , Wog         , Wwg         , Wwg         , Wwg         , Wwg         , Wwg         , Wog         , Wog         , Wog         , Wog         , Wwf         , Wwg         , Wog         , Wog         , Wwg         , Wwg         , Ds          , Wwg         , Wwg         , Wwg         , Ds          , Wwg         , Uu^Uf       , Wwg         , Uu          , Ds          , Ds          , Ds          , Ds          , Wwg         , Wog         , Wwg         , Ds          , Uu          , Uu          , Ur          , Uu          , Ds          , Wwg         , Wwg         , Wog         , Wog         , Wog         , Wog         , Wog         , Wog         , Wwg         , Wwg         , Wwg         , Wwg         , Wwg         , Wwg         , Wwg         , Wwg         , Xu          , Xu          
Qxu         , Qxu         , Wwg         , Wwg         , Wwg         , Wwg         , Wwg         , Wwg         , Wwg         , Wwg         , Wwg         , Wwg         , Ds          , Ds          , Ds          , Ds          , Wwg         , Wwg         , Wog         , Wog         , Wog         , Wog         , Wwg         , Wwg         , Wwg         , Wog         , Wog         , Wog         , Wog         , Wog         , Wog         , Wwg         , Wog         , Wwg         , Wwf         , Wwg         , Wwg         , Wwg         , Wwg         , Wwg         , Wog         , Wog         , Wwg         , Ds          , Uu          , Ur          , Uu^Dr       , Uu          , Ds          , Wwg         , Wwg         , Wwg         , Xu          , Wog         , Wog         , Wog         , Wwg         , Wwg         , Wwg         , Wwg         , Wwg         , Wwg         , Wwg         , Wwg         , Uu          , Xu          , Xu          
Qxu         , Qxu         , Uu          , Ds          , Ds          , Ds          , Ds          , Ds          , Ds          , Ds          , Ds          , Ds          , Uu          , Ds          , Wwg         , Wwg         , Wog         , Wog         , Wwg         , Wwg         , Wwg         , Wwg         , Wwg         , Wwg         , Wwg         , Wwg         , Xu          , Wwg         , Wwg         , Wwg         , Wwg         , Wog         , Wwg         , Wog         , Wog         , Wwg         , Wog         , Wog         , Wog         , Wog         , Wwg         , Wwg         , Ds          , Ds          , Uu          , Uu          , Uu          , Uu          , Ds          , Ds          , Ds          , Xu          , Xu          , Xu          , Xu          , Wwg         , Wwg         , Wwg         , Wwg         , Wwg         , Wwg         , Wwg         , Uu          , Uu          , Xu          , Xu          , Xu          
Qxu         , Uu          , Uu          , Uu          , Uu^Uf       , Uu          , Uu          , Ur          , Ur^Es       , Uu          , Uu          , Uu          , Uu          , Ds          , Wwg         , Wog         , Wog         , Wwg         , Wwg         , Ds          , Ds          , Ds          , Ds          , Ds          , Ds          , Xu          , Xu          , Xu          , Ds          , Ds          , Ds          , Wwg         , Ds          , Wwg         , Wwg         , Wog         , Wwg         , Wwg         , Wwg         , Wwg         , Ds          , Ds          , Uu          , Uu          , Uu          , Ur          , Rb^Es       , Uu          , Uu          , Ds          , Ds          , Xu          , Xu          , Xu          , Xu          , Uu          , Uu          , Uu          , Uu          , Uu          , Uu          , Uu          , Uu          , Uu          , Xu          , Xu          , Xu          
Qxu         , Qxu         , Qxu         , Uu          , Uu^Uf       , Uu^Uf       , Uu^Uf       , Uu          , Uu          , Uu          , Uu^Uf       , Uu          , Uu          , Ds          , Ds          , Wwg         , Wwg         , Wog         , Wog         , Ds          , Ds          , Uu          , Uu          , Uu          , Uu          , Xu          , Xu          , Xu          , Uu          , Uu          , Uu          , Ds          , Uu          , Ds          , Wwg         , Wog         , Wwg         , Wwg         , Wwg         , Ds          , Uu          , Uu          , Ur          , Uu          , Rb          , Rb          , Rb          , Uu          , Uu          , Uu          , Uu          , Uu          , Uu          , Xu          , Uu          , Uu          , Uu          , Uu          , Uu          , Uu          , Uu          , Uu          , Uu          , Xu          , Xu          , Xu          , Xu          
Qxu         , Qxu         , Qxu         , Uu          , Uu          , Uu^Uf       , Uu^Uf       , Uu          , Uu          , Uu^Uf       , Uu^Uf       , Uu^Uf       , Uu^Uf       , Uu          , Uu          , Ds          , Wwg         , Wog         , Wog         , Wog         , Wwg         , Ds          , Ds          , Ur          , Ur^Es       , Uu^Uf       , Ur          , Uu          , Ur^Es       , Ur          , Uu          , Uu          , Ds          , Ds          , Wwg         , Wog         , Wwg         , Ds          , Ds          , Ds          , Uu          , Ur          , Ur          , Rb^Es       , Rb          , Rb          , Rb          , Rb          , Ur          , Uu          , Uu^Es       , Uu          , Uh          , Uu          , Uu          , Uu          , Uu          , Uu          , Uu          , Uu          , Uu          , Uu          , Uu          , Xu          , Xu          , Xu          , Xu          
Qxu         , Qxu         , Qxu         , Uu          , Uu          , Uu          , Ur^Es       , Uu          , Xu          , Xu          , Xu          , Uu^Uf       , Uu^Uf       , Uu          , Uu          , Ds          , Ds          , Wwg         , Wwg         , Wog         , Wog         , Wwg         , Wwg         , Ds          , Ds          , Uu          , Uu          , Uu^Uf       , Uu          , Ur          , Ds          , Ds          , Wwg         , Wwg         , Wwg         , Wog         , Wwg         , Ds          , Uu          , Uu          , Uu          , Ur^Es       , Uu          , Uu          , Uu          , Ur          , Uu          , Ur          , Uu          , Ur          , Ur          , Uu          , Uh          , Uh          , Uu          , Uu          , Uu          , Uu          , Uu          , Uh          , Uu          , Uu          , Uu          , Uu          , Xu          , Xu          , Xu          
Qxu         , Qxu         , Qxu         , Qxu         , Uu          , Uu          , Uu          , Uu          , Xu          , Xu          , Xu          , Uu^Uf       , Uu^Uf       , Uu          , Uu          , Uu          , Uu          , Ds          , Ds          , Wwg         , Wog         , Wwf         , Wwg         , Ds          , Ds          , Ds          , Ds          , Uu          , Ds          , Ds          , Wwg         , Wwg         , Wwg         , Wwg         , Wwg         , Wwg         , Ds          , Ds          , Uu          , Uu          , Ur          , Uu^Dr       , Uu          , Uu          , Uu          , Uu          , Xu          , Uu^Uf       , Xu          , Uu          , Uu          , Uu          , Uu          , Uu          , Uu          , Uu          , Uu          , Uu          , Uu          , Uu          , Uu          , Uu          , Uu          , Xu          , Xu          , Xu          , Xu          
Qxu         , Qxu         , Qxu         , Uu          , Uu^Uf       , Uu^Uf       , Uu^Uf       , Uu          , Uu          , Xu          , Uu          , Uu^Uf       , Uu          , Uu          , Ur^Es       , Uu          , Uu          , Uu          , Ds          , Wwg         , Wwg         , Wog         , Wog         , Wwg         , Wwg         , Wwg         , Wwg         , Ds          , Ds          , Wwg         , Wwg         , Wwg         , Wwg         , Wwg         , Ds          , Ds          , Uu          , Uu          , Ur^Es       , Ur          , Ur          , Uu          , Uu          , Uu          , Xu          , Xu          , Xu          , Xu          , Xu          , Xu          , Xu          , Ur          , Uu          , Uu          , Uu          , Uu          , Xu          , Uu          , Uu          , Uu          , Uu          , Uu          , Uu          , Xu          , Xu          , Xu          , Xu          
Qxu         , Qxu         , Qxu         , Uu          , Uu          , Uu^Uf       , Uu^Uf       , Ur          , Uu          , Uu          , Ur          , Uu          , Uu          , Uu          , Ur          , Uu          , Uu          , Uu          , Uu          , Ds          , Ds          , Wwg         , Wwg         , Wog         , Wog         , Wwg         , Wwg         , Wwg         , Ds          , Wwg         , Wwg         , Wwg         , Wwg         , Wwg         , Ds          , Uu          , Uu          , Uu          , Uu          , Uu          , Uu          , Uu^Es       , Xu          , Xu          , Xu          , Xu          , Xu          , Xu          , Xu          , Xu          , Xu          , Uu          , Uu          , Ur          , Uu          , Xu          , Xu          , Xu          , Xu          , Uu          , Xu          , Xu          , Xu          , Xu          , Xu          , Xu          , Xu          
Qxu         , Qxu         , Qxu         , Qxu         , Uu          , Uu^Uf       , Uu          , Uu          , Ur          , Ur          , Uu          , Uu          , Uu          , Ur          , Ur          , Uu          , Uu^Dr       , Uu          , Uu          , Uu          , Ds          , Ds          , Wwg         , Wwg         , Wwg         , Wog         , Wog         , Wwg         , Wwg         , Wwg         , Wwg         , Wwg         , Ds          , Ds          , Uu          , Uu          , Uu          , Uu          , Ur          , Uu          , Uu^Uf       , Uu^Uf       , Xu          , Xu          , Xu          , Xu          , Xu          , Xu          , Xu          , Xu          , Uu^Uf       , Uh          , Uh          , Ur          , Uu          , Xu          , Xu          , Xu          , Xu          , Xu          , Xu          , Xu          , Xu          , Xu          , Xu          , Xu          , Xu          
Qxu         , Qxu         , Qxu         , Uu          , Uu          , Uu          , Uu          , Ur          , Xu          , Xu          , Xu          , Uu          , Ur          , Uu          , Uu          , Uu          , Uu          , Uu          , Ds          , Uu          , Ds          , Wwg         , Wwg         , Wwg         , Wwg         , Wog         , Wog         , Wwg         , Wwg         , Wwg         , Wwg         , Wwg         , Ds          , Uu          , Uu          , Uu          , Uu          , Uu^Es       , Ur          , Uu          , Uu          , Uu^Uf       , Uu^Uf       , Xu          , Xu          , Xu          , Xu          , Xu          , Xu          , Uu^Uf       , Uu^Uf       , Uu          , Rb          , Uh          , Uu          , Uu          , Uu          , Xu          , Xu          , Xu          , Xu          , Xu          , Xu          , Xu          , Xu          , Xu          , Xu          
Qxu         , Qxu         , Qxu         , Uu          , Uu          , Uu          , Uu          , Uu          , Xu          , Xu          , Xu          , Uu          , Uu          , Uu          , Ds          , Ds          , Ds          , Ds          , Wwg         , Ds          , Wwg         , Wwg         , Wwg         , Wwg         , Wog         , Wog         , Wwg         , Wwg         , Wwg         , Wwg         , Ds          , Ds          , Uu          , Uu          , Uh          , Uh          , Uh          , Uu          , Uu          , Ur          , Ur^Es       , Uu          , Uu          , Uu^Uf       , Uu^Uf       , Xu          , Xu          , Xu          , Uu^Uf       , Uu^Uf       , Uu          , Rb          , Ur^Es       , Ur          , Uu          , Uu          , Uu          , Xu          , Xu          , Xu          , Xu          , Xu          , Xu          , Xu          , Xu          , Xu          , Xu          
Qxu         , Qxu         , Qxu         , Ds          , Ds          , Uu          , Ds          , Uu          , Ds          , Xu          , Ds          , Uu          , Ds          , Ds          , Wwg         , Wwg         , Wwg         , Wwg         , Wwg         , Wwg         , Wog         , Wog         , Wog         , Wog         , Wwg         , Wwg         , Wwg         , Wwg         , Ds          , Ds          , Uu          , Uu          , Uu          , Uu          , Uh          , Uh          , Uh          , Uh          , Ur          , Uu^Es       , Uu          , Uu          , Ur          , Uu^Uf       , Ur          , Uh          , Uu          , Uu^Uf       , Uu          , Uu          , Uu          , Rb          , Rb          , Rb          , Uu          , Uu          , Uu          , Xu          , Xu          , Xu          , Xu          , Xu          , Xu          , Xu          , Xu          , Xu          , Xu          
Qxu         , Qxu         , Qxu         , Wwf         , Wwg         , Ds          , Wwg         , Ds          , Wwg         , Ds          , Wwg         , Ds          , Wwg         , Ds          , Wwg         , Wwg         , Wog         , Wwg         , Wog         , Wog         , Wog         , Wog         , Wog         , Wwg         , Wwg         , Wwg         , Ds          , Ds          , Uu          , Uu          , Uu          , Uu          , Uu          , Uu          , Uu          , Uh          , Uu          , Uu          , Uu          , Uu          , Uu          , Uu          , Uu^Uf       , Ur          , Uu          , Uh          , Ur          , Uu          , Ur          , Uh          , Uu          , Ur          , Ur          , Uu          , Uu^Vct      , Uu          , Rb          , Xu          , Xu          , Xu          , Xu          , Xu          , Xu          , Xu          , Xu          , Xu          , Xu          
Qxu         , Qxu         , Qxu         , Qxu         , Qxu         , Wwg         , Wwg         , Wwg         , Wwg         , Wwg         , Wog         , Wwg         , Wog         , Wwg         , Wog         , Wog         , Wog         , Wog         , Wog         , Wog         , Wog         , Wog         , Wwg         , Wwg         , Ds          , Ds          , Uu          , Uu          , Uu          , Uu          , Uu^Uf       , Uu^Uf       , Uu^Uf       , Uu          , Uu          , Uu          , Uu          , Uu          , Xu          , Uu          , Xu          , Xu          , Xu          , Uu^Uf       , Uu          , Uu          , Uu          , Uu          , Uu          , Uh          , Uu          , Uu          , Rb          , Rb          , Uh          , Uh          , Uh          , Uu^Vct      , Xu          , Xu          , Xu          , Xu          , Xu          , Xu          , Xu          , Xu          , Xu          
Qxu         , Qxu         , Qxu         , Qxu         , Qxu         , Wog         , Wog         , Wog         , Wog         , Wog         , Wog         , Wog         , Wog         , Wog         , Wog         , Wog         , Wog         , Wog         , Wog         , Wog         , Wwg         , Wwg         , Ds          , Ds          , Uu          , Uu          , Uu          , Uu          , Uu^Uf       , Uu^Uf       , Uu^Uf       , Uu^Uf       , Uu          , Uu          , Uu          , Uu          , Xu          , Xu          , Xu          , Xu          , Xu          , Xu          , Xu          , Uu^Uf       , Uu          , Uu          , Xu          , Uu          , Uu          , Uu          , Uu          , Uu^Vct      , Uh          , Uh          , Ql          , Ql          , Ql          , Xu          , Xu          , Xu          , Xu          , Xu          , Xu          , Xu          , Xu          , Xu          , Xu          
Qxu         , Qxu         , Qxu         , Qxu         , Qxu         , Qxu         , Qxu         , Wog         , Xu          , Wog         , Xu          , Wog         , Xu          , Xu          , Xu          , Wog         , Wog         , Wog         , Wog         , Wwg         , Ds          , Ds          , Uu          , Uu          , Uu          , Uu          , Uu          , Uu          , Uu          , Uu          , Xu          , Uu          , Xu          , Uu          , Xu          , Xu          , Xu          , Xu          , Xu          , Xu          , Xu          , Xu          , Xu          , Xu          , Xu          , Xu          , Xu          , Xu          , Xu          , Uu          , Uu          , Uh          , Uh          , Ql          , Ql          , Ql          , Ql          , Xu          , Xu          , Xu          , Xu          , Xu          , Xu          , Xu          , Xu          , Xu          , Xu          
Qxu         , Qxu         , Qxu         , Qxu         , Qxu         , Qxu         , Qxu         , Xu          , Xu          , Xu          , Xu          , Xu          , Xu          , Xu          , Xu          , Xu          , Xu          , Wog         , Xu          , Xu          , Xu          , Xu          , Xu          , Xu          , Xu          , Xu          , Xu          , Uu          , Xu          , Xu          , Xu          , Xu          , Xu          , Xu          , Xu          , Xu          , Xu          , Xu          , Xu          , Xu          , Xu          , Xu          , Xu          , Xu          , Xu          , Xu          , Xu          , Xu          , Xu          , Xu          , Xu          , Uh          , Xu          , Ql          , Ql          , Ql          , Xu          , Xu          , Xu          , Xu          , Xu          , Xu          , Xu          , Xu          , Xu          , Xu          , Xu          
Qxu         , Qxu         , Qxu         , Qxu         , Qxu         , Qxu         , Qxu         , Qxu         , Qxu         , Xu          , Xu          , Xu          , Xu          , Xu          , Xu          , Xu          , Xu          , Xu          , Xu          , Xu          , Xu          , Xu          , Xu          , Xu          , Xu          , Xu          , Xu          , Xu          , Xu          , Xu          , Xu          , Xu          , Xu          , Xu          , Xu          , Xu          , Xu          , Xu          , Xu          , Xu          , Xu          , Xu          , Xu          , Xu          , Xu          , Xu          , Xu          , Xu          , Xu          , Xu          , Xu          , Xu          , Xu          , Xu          , Xu          , Xu          , Xu          , Xu          , Xu          , Xu          , Xu          , Xu          , Xu          , Xu          , Xu          , Xu          , Xu          
Qxu         , Qxu         , Qxu         , Qxu         , Qxu         , Qxu         , Qxu         , Qxu         , Qxu         , Xu          , Xu          , Xu          , Xu          , Xu          , Xu          , Xu          , Xu          , Xu          , Xu          , Xu          , Xu          , Xu          , Xu          , Xu          , Xu          , Xu          , Xu          , Xu          , Xu          , Xu          , Xu          , Xu          , Xu          , Xu          , Xu          , Xu          , Xu          , Xu          , Xu          , Xu          , Xu          , Xu          , Xu          , Xu          , Xu          , Xu          , Xu          , Xu          , Xu          , Xu          , Xu          , Xu          , Xu          , Xu          , Xu          , Xu          , Xu          , Xu          , Xu          , Xu          , Xu          , Xu          , Xu          , Xu          , Xu          , Xu          , Xu          
